{"timestamp":"2026-08-18T21:22:29.207571Z","level":"info","event":"::group::Pre Execute","logger":"task","filename":"task_runner.py","lineno":2303}
{"timestamp":"2026-08-18T21:22:29.395371Z","level":"info","event":"DAG bundles loaded: dags-folder","dag_id":"stock_etl_dag","task_id":"run_stock_etl","map_index":-1,"ti_id":"01a016bc-77ee-78f5-a311-e9d74c6ab123","try_number":2,"run_id":"scheduled__2026-08-18T08:00:00+00:00","logger":"airflow.dag_processing.bundles.manager.DagBundlesManager","filename":"manager.py","lineno":271}
{"timestamp":"2026-08-18T21:22:29.417671Z","level":"info","event":"Filling up the DagBag from /opt/airflow/dags/stocks_etl_dag.py","dag_id":"stock_etl_dag","task_id":"run_stock_etl","map_index":-1,"ti_id":"01a016bc-77ee-78f5-a311-e9d74c6ab123","try_number":2,"run_id":"scheduled__2026-08-18T08:00:00+00:00","logger":"airflow.dag_processing.dagbag.BundleDagBag","filename":"dagbag.py","lineno":460}
{"timestamp":"2026-08-18T21:22:30.611234Z","level":"info","event":"Pyspark imported, version: 3.5.2","logger":"unusual_prefix_377e48747e3957bb035dd88b74b86ec1d0ec8c25_stocks_etl_dag","dag_id":"stock_etl_dag","task_id":"run_stock_etl","map_index":-1,"ti_id":"01a016bc-77ee-78f5-a311-e9d74c6ab123","try_number":2,"run_id":"scheduled__2026-08-18T08:00:00+00:00","filename":"stocks_etl_dag.py","lineno":24}
{"timestamp":"2026-08-18T21:22:34.347702Z","level":"info","event":"ETL function imported succesfully!","logger":"unusual_prefix_377e48747e3957bb035dd88b74b86ec1d0ec8c25_stocks_etl_dag","dag_id":"stock_etl_dag","task_id":"run_stock_etl","map_index":-1,"ti_id":"01a016bc-77ee-78f5-a311-e9d74c6ab123","try_number":2,"run_id":"scheduled__2026-08-18T08:00:00+00:00","filename":"stocks_etl_dag.py","lineno":32}
{"timestamp":"2026-08-18T21:22:34.428618Z","level":"info","event":"DAG loaded sucessfully!","logger":"unusual_prefix_377e48747e3957bb035dd88b74b86ec1d0ec8c25_stocks_etl_dag","dag_id":"stock_etl_dag","task_id":"run_stock_etl","map_index":-1,"ti_id":"01a016bc-77ee-78f5-a311-e9d74c6ab123","try_number":2,"run_id":"scheduled__2026-08-18T08:00:00+00:00","filename":"stocks_etl_dag.py","lineno":103}
{"timestamp":"2026-08-18T21:22:34.484305Z","level":"info","event":"Worker startup parse complete","bundle_name":"dags-folder","bundle_version":null,"dag_file":"stocks_etl_dag.py","dag_id":"stock_etl_dag","bundle_prepare_ms":34,"dag_file_parse_ms":5079,"task_id":"run_stock_etl","map_index":-1,"ti_id":"01a016bc-77ee-78f5-a311-e9d74c6ab123","try_number":2,"run_id":"scheduled__2026-08-18T08:00:00+00:00","logger":"task","filename":"task_runner.py","lineno":1062}
{"timestamp":"2026-08-18T21:22:34.986469Z","level":"info","event":"::endgroup::","dag_id":"stock_etl_dag","task_id":"run_stock_etl","map_index":-1,"ti_id":"01a016bc-77ee-78f5-a311-e9d74c6ab123","try_number":2,"run_id":"scheduled__2026-08-18T08:00:00+00:00","logger":"task","filename":"task_runner.py","lineno":2107}
{"timestamp":"2026-08-18T21:22:34.992387Z","level":"info","event":"Starting ETL process","logger":"scripts.stock_etl","dag_id":"stock_etl_dag","task_id":"run_stock_etl","map_index":-1,"ti_id":"01a016bc-77ee-78f5-a311-e9d74c6ab123","try_number":2,"run_id":"scheduled__2026-08-18T08:00:00+00:00","filename":"stock_etl.py","lineno":164}
{"timestamp":"2026-08-18T21:22:39.844030Z","level":"info","event":":: loading settings :: url = jar:file:/home/airflow/.local/lib/python3.13/site-packages/pyspark/jars/ivy-2.5.1.jar!/org/apache/ivy/core/settings/ivysettings.xml","logger":"task.stdout"}
{"timestamp":"2026-08-18T21:22:39.986828Z","level":"error","event":"Ivy Default Cache set to: /home/airflow/.ivy2/cache","logger":"task.stderr"}
{"timestamp":"2026-08-18T21:22:39.988305Z","level":"error","event":"The jars for the packages stored in: /home/airflow/.ivy2/jars","logger":"task.stderr"}
{"timestamp":"2026-08-18T21:22:39.996798Z","level":"error","event":"org.postgresql#postgresql added as a dependency","logger":"task.stderr"}
{"timestamp":"2026-08-18T21:22:39.999567Z","level":"error","event":":: resolving dependencies :: org.apache.spark#spark-submit-parent-2450e5af-b1cc-4e0b-a0d3-157e13f5c16a;1.0","logger":"task.stderr"}
{"timestamp":"2026-08-18T21:22:40.001132Z","level":"error","event":"\tconfs: [default]","logger":"task.stderr"}
{"timestamp":"2026-08-18T21:22:40.330979Z","level":"error","event":"\tfound org.postgresql#postgresql;42.7.12 in central","logger":"task.stderr"}
{"timestamp":"2026-08-18T21:22:40.348307Z","level":"error","event":":: resolution report :: resolve 343ms :: artifacts dl 5ms","logger":"task.stderr"}
{"timestamp":"2026-08-18T21:22:40.350189Z","level":"error","event":"\t:: modules in use:","logger":"task.stderr"}
{"timestamp":"2026-08-18T21:22:40.352025Z","level":"error","event":"\torg.postgresql#postgresql;42.7.12 from central in [default]","logger":"task.stderr"}
{"timestamp":"2026-08-18T21:22:40.353884Z","level":"error","event":"\t---------------------------------------------------------------------","logger":"task.stderr"}
{"timestamp":"2026-08-18T21:22:40.358948Z","level":"error","event":"\t|                  |            modules            ||   artifacts   |","logger":"task.stderr"}
{"timestamp":"2026-08-18T21:22:40.360237Z","level":"error","event":"\t|       conf       | number| search|dwnlded|evicted|| number|dwnlded|","logger":"task.stderr"}
{"timestamp":"2026-08-18T21:22:40.362669Z","level":"error","event":"\t---------------------------------------------------------------------","logger":"task.stderr"}
{"timestamp":"2026-08-18T21:22:40.364087Z","level":"error","event":"\t|      default     |   1   |   0   |   0   |   0   ||   1   |   0   |","logger":"task.stderr"}
{"timestamp":"2026-08-18T21:22:40.366287Z","level":"error","event":"\t---------------------------------------------------------------------","logger":"task.stderr"}
{"timestamp":"2026-08-18T21:22:40.368455Z","level":"error","event":":: retrieving :: org.apache.spark#spark-submit-parent-2450e5af-b1cc-4e0b-a0d3-157e13f5c16a","logger":"task.stderr"}
{"timestamp":"2026-08-18T21:22:40.369913Z","level":"error","event":"\tconfs: [default]","logger":"task.stderr"}
{"timestamp":"2026-08-18T21:22:40.372148Z","level":"error","event":"\t0 artifacts copied, 1 already retrieved (0kB/7ms)","logger":"task.stderr"}
{"timestamp":"2026-08-18T21:22:40.897241Z","level":"error","event":"26/08/18 21:22:40 WARN NativeCodeLoader: Unable to load native-hadoop library for your platform... using builtin-java classes where applicable","logger":"task.stderr"}
{"timestamp":"2026-08-18T21:22:41.368503Z","level":"error","event":"Setting default log level to \"WARN\".","logger":"task.stderr"}
{"timestamp":"2026-08-18T21:22:41.371621Z","level":"error","event":"To adjust logging level use sc.setLogLevel(newLevel). For SparkR, use setLogLevel(newLevel).","logger":"task.stderr"}
{"timestamp":"2026-08-18T21:22:45.820896Z","level":"info","event":"Fetching data for ['AMZN', 'AAPL', 'GOOGL', 'META', 'NFLX'] for the last 20y","logger":"scripts.stock_etl","dag_id":"stock_etl_dag","task_id":"run_stock_etl","map_index":-1,"ti_id":"01a016bc-77ee-78f5-a311-e9d74c6ab123","try_number":2,"run_id":"scheduled__2026-08-18T08:00:00+00:00","filename":"stock_etl.py","lineno":41}
{"timestamp":"2026-08-18T21:22:49.885231Z","level":"error","event":"\r[                       0%                       ]\r[*******************   40%                       ]  2 of 5 completed\r[**********************60%****                   ]  3 of 5 completed\r[**********************80%*************          ]  4 of 5 completed\r[*********************100%***********************]  5 of 5 completed","logger":"task.stderr"}
{"timestamp":"2026-08-18T21:22:49.900129Z","level":"warning","event":"The previous implementation of stack is deprecated and will be removed in a future version of pandas. See the What's New notes for pandas 2.1.0 for details. Specify future_stack=True to adopt the new implementation and silence this warning.","category":"FutureWarning","filename":"/opt/airflow/scripts/stock_etl.py","lineno":50,"dag_id":"stock_etl_dag","task_id":"run_stock_etl","map_index":-1,"ti_id":"01a016bc-77ee-78f5-a311-e9d74c6ab123","try_number":2,"run_id":"scheduled__2026-08-18T08:00:00+00:00","logger":"py.warnings"}
{"timestamp":"2026-08-18T21:22:49.932329Z","level":"info","event":"Sucessfully fetched 23698 records.","logger":"scripts.stock_etl","dag_id":"stock_etl_dag","task_id":"run_stock_etl","map_index":-1,"ti_id":"01a016bc-77ee-78f5-a311-e9d74c6ab123","try_number":2,"run_id":"scheduled__2026-08-18T08:00:00+00:00","filename":"stock_etl.py","lineno":62}
{"timestamp":"2026-08-18T21:22:49.932853Z","level":"info","event":"Starting data transformation","logger":"scripts.stock_etl","dag_id":"stock_etl_dag","task_id":"run_stock_etl","map_index":-1,"ti_id":"01a016bc-77ee-78f5-a311-e9d74c6ab123","try_number":2,"run_id":"scheduled__2026-08-18T08:00:00+00:00","filename":"stock_etl.py","lineno":71}
{"timestamp":"2026-08-18T21:23:01.113144Z","level":"info","event":"Data transformation completed successfully","logger":"scripts.stock_etl","dag_id":"stock_etl_dag","task_id":"run_stock_etl","map_index":-1,"ti_id":"01a016bc-77ee-78f5-a311-e9d74c6ab123","try_number":2,"run_id":"scheduled__2026-08-18T08:00:00+00:00","filename":"stock_etl.py","lineno":134}
{"timestamp":"2026-08-18T21:23:01.113441Z","level":"info","event":"Loadin data to PostGreSQL table stock_etl","logger":"scripts.stock_etl","dag_id":"stock_etl_dag","task_id":"run_stock_etl","map_index":-1,"ti_id":"01a016bc-77ee-78f5-a311-e9d74c6ab123","try_number":2,"run_id":"scheduled__2026-08-18T08:00:00+00:00","filename":"stock_etl.py","lineno":140}
{"timestamp":"2026-08-18T21:23:04.892282Z","level":"error","event":"26/08/18 21:23:04 WARN WindowExec: No Partition Defined for Window operation! Moving all data to a single partition, this can cause serious performance degradation.","logger":"task.stderr"}
{"timestamp":"2026-08-18T21:23:05.100536Z","level":"error","event":"26/08/18 21:23:05 WARN WindowExec: No Partition Defined for Window operation! Moving all data to a single partition, this can cause serious performance degradation.","logger":"task.stderr"}
{"timestamp":"2026-08-18T21:23:05.156455Z","level":"error","event":"26/08/18 21:23:05 WARN SparkStringUtils: Truncated the string representation of a plan since it was too large. This behavior can be adjusted by setting 'spark.sql.debug.maxToStringFields'.","logger":"task.stderr"}
{"timestamp":"2026-08-18T21:23:10.765473Z","level":"error","event":"\r[Stage 0:>                                                          (0 + 0) / 4]\r\r[Stage 0:>                                                          (0 + 4) / 4]\r26/08/18 21:23:10 WARN WindowExec: No Partition Defined for Window operation! Moving all data to a single partition, this can cause serious performance degradation.","logger":"task.stderr"}
{"timestamp":"2026-08-18T21:23:10.820919Z","level":"error","event":"26/08/18 21:23:10 WARN WindowExec: No Partition Defined for Window operation! Moving all data to a single partition, this can cause serious performance degradation.","logger":"task.stderr"}
{"timestamp":"2026-08-18T21:23:21.665246Z","level":"info","event":"Succesfully loaded 23698 records to table stock_etl","logger":"scripts.stock_etl","dag_id":"stock_etl_dag","task_id":"run_stock_etl","map_index":-1,"ti_id":"01a016bc-77ee-78f5-a311-e9d74c6ab123","try_number":2,"run_id":"scheduled__2026-08-18T08:00:00+00:00","filename":"stock_etl.py","lineno":155}
{"timestamp":"2026-08-18T21:23:22.033182Z","level":"info","event":"ETF completed succesfully. Loaded 23698 records for ['AMZN', 'AAPL', 'GOOGL', 'META', 'NFLX']","logger":"scripts.stock_etl","dag_id":"stock_etl_dag","task_id":"run_stock_etl","map_index":-1,"ti_id":"01a016bc-77ee-78f5-a311-e9d74c6ab123","try_number":2,"run_id":"scheduled__2026-08-18T08:00:00+00:00","filename":"stock_etl.py","lineno":176}
{"timestamp":"2026-08-18T21:23:23.818253Z","level":"info","event":"Spark session stopped","logger":"scripts.stock_etl","dag_id":"stock_etl_dag","task_id":"run_stock_etl","map_index":-1,"ti_id":"01a016bc-77ee-78f5-a311-e9d74c6ab123","try_number":2,"run_id":"scheduled__2026-08-18T08:00:00+00:00","filename":"stock_etl.py","lineno":191}
{"timestamp":"2026-08-18T21:23:23.819063Z","level":"info","event":"Done. Returned value was: {'ticker': ['AMZN', 'AAPL', 'GOOGL', 'META', 'NFLX'], 'records_loaded': 23698, 'start_date': datetime.datetime(2006, 8, 21, 0, 0), 'end_date': datetime.datetime(2026, 8, 18, 0, 0)}","dag_id":"stock_etl_dag","task_id":"run_stock_etl","map_index":-1,"ti_id":"01a016bc-77ee-78f5-a311-e9d74c6ab123","try_number":2,"run_id":"scheduled__2026-08-18T08:00:00+00:00","logger":"airflow.task.operators.airflow.providers.standard.operators.python.PythonOperator","filename":"python.py","lineno":233}
{"timestamp":"2026-08-18T21:23:23.819296Z","level":"info","event":"::group::Post Execute","dag_id":"stock_etl_dag","task_id":"run_stock_etl","map_index":-1,"ti_id":"01a016bc-77ee-78f5-a311-e9d74c6ab123","try_number":2,"run_id":"scheduled__2026-08-18T08:00:00+00:00","logger":"task","filename":"task_runner.py","lineno":1577}
{"timestamp":"2026-08-18T21:23:23.819594Z","level":"info","event":"Pushing xcom","ti":"RuntimeTaskInstance(id=UUID('01a016bc-77ee-78f5-a311-e9d74c6ab123'), task_id='run_stock_etl', dag_id='stock_etl_dag', run_id='scheduled__2026-08-18T08:00:00+00:00', try_number=2, dag_version_id=UUID('01a01125-e8ca-74a8-826c-70f284a44eb8'), map_index=-1, hostname='7bb028a7170b', context_carrier={'traceparent': '00-2c9cec8260489caf3530d8931c307781-3699ec7715bdc08b-00'}, queue='default', task=<Task(PythonOperator): run_stock_etl>, bundle_instance=LocalDagBundle(name=dags-folder), max_tries=2, start_date=datetime.datetime(2026, 8, 18, 21, 22, 29, 190755, tzinfo=datetime.timezone.utc), end_date=None, state=<TaskInstanceState.RUNNING: 'running'>, is_mapped=False, rendered_map_index=None, sentry_integration='')","dag_id":"stock_etl_dag","task_id":"run_stock_etl","map_index":-1,"ti_id":"01a016bc-77ee-78f5-a311-e9d74c6ab123","try_number":2,"run_id":"scheduled__2026-08-18T08:00:00+00:00","logger":"task","filename":"task_runner.py","lineno":2171}
{"timestamp":"2026-08-18T21:23:24.042437Z","level":"info","event":"::endgroup::","dag_id":"stock_etl_dag","task_id":"run_stock_etl","map_index":-1,"ti_id":"01a016bc-77ee-78f5-a311-e9d74c6ab123","try_number":2,"run_id":"scheduled__2026-08-18T08:00:00+00:00","logger":"task","filename":"task_runner.py","lineno":2270}
{"timestamp":"2026-08-18T21:23:24.488408Z","level":"error","event":"\r[Stage 2:>                                                          (0 + 1) / 1]","logger":"task.stderr"}
