{"timestamp":"2026-08-17T19:14:43.244195Z","level":"info","event":"::group::Pre Execute","logger":"task","filename":"task_runner.py","lineno":2303}
{"timestamp":"2026-08-17T19:14:43.753295Z","level":"info","event":"DAG bundles loaded: dags-folder","map_index":-1,"run_id":"manual__2026-08-17T19:14:24.548797+00:00","try_number":1,"dag_id":"stock_etl_dag","ti_id":"01a01125-7cee-7b59-a24d-c2f5d4b0eb07","task_id":"run_stock_etl","logger":"airflow.dag_processing.bundles.manager.DagBundlesManager","filename":"manager.py","lineno":271}
{"timestamp":"2026-08-17T19:14:43.819734Z","level":"info","event":"Filling up the DagBag from /opt/airflow/dags/stocks_etl_dag.py","map_index":-1,"run_id":"manual__2026-08-17T19:14:24.548797+00:00","try_number":1,"dag_id":"stock_etl_dag","ti_id":"01a01125-7cee-7b59-a24d-c2f5d4b0eb07","task_id":"run_stock_etl","logger":"airflow.dag_processing.dagbag.BundleDagBag","filename":"dagbag.py","lineno":460}
{"timestamp":"2026-08-17T19:15:00.098416Z","level":"info","event":"Pyspark imported, version: 3.5.2","logger":"unusual_prefix_377e48747e3957bb035dd88b74b86ec1d0ec8c25_stocks_etl_dag","map_index":-1,"run_id":"manual__2026-08-17T19:14:24.548797+00:00","try_number":1,"dag_id":"stock_etl_dag","ti_id":"01a01125-7cee-7b59-a24d-c2f5d4b0eb07","task_id":"run_stock_etl","filename":"stocks_etl_dag.py","lineno":24}
{"timestamp":"2026-08-17T19:15:00.118455Z","level":"info","event":"ETL function imported succesfully!","logger":"unusual_prefix_377e48747e3957bb035dd88b74b86ec1d0ec8c25_stocks_etl_dag","map_index":-1,"run_id":"manual__2026-08-17T19:14:24.548797+00:00","try_number":1,"dag_id":"stock_etl_dag","ti_id":"01a01125-7cee-7b59-a24d-c2f5d4b0eb07","task_id":"run_stock_etl","filename":"stocks_etl_dag.py","lineno":31}
{"timestamp":"2026-08-17T19:15:00.349246Z","level":"info","event":"DAG loaded sucessfully!","logger":"unusual_prefix_377e48747e3957bb035dd88b74b86ec1d0ec8c25_stocks_etl_dag","map_index":-1,"run_id":"manual__2026-08-17T19:14:24.548797+00:00","try_number":1,"dag_id":"stock_etl_dag","ti_id":"01a01125-7cee-7b59-a24d-c2f5d4b0eb07","task_id":"run_stock_etl","filename":"stocks_etl_dag.py","lineno":96}
{"timestamp":"2026-08-17T19:15:00.401208Z","level":"info","event":"Worker startup parse complete","bundle_name":"dags-folder","bundle_version":null,"dag_file":"stocks_etl_dag.py","dag_id":"stock_etl_dag","bundle_prepare_ms":90,"dag_file_parse_ms":16625,"map_index":-1,"run_id":"manual__2026-08-17T19:14:24.548797+00:00","try_number":1,"ti_id":"01a01125-7cee-7b59-a24d-c2f5d4b0eb07","task_id":"run_stock_etl","logger":"task","filename":"task_runner.py","lineno":1062}
{"timestamp":"2026-08-17T19:15:00.774104Z","level":"info","event":"::endgroup::","map_index":-1,"run_id":"manual__2026-08-17T19:14:24.548797+00:00","try_number":1,"dag_id":"stock_etl_dag","ti_id":"01a01125-7cee-7b59-a24d-c2f5d4b0eb07","task_id":"run_stock_etl","logger":"task","filename":"task_runner.py","lineno":2107}
{"timestamp":"2026-08-17T19:15:00.806183Z","level":"info","event":"Starting ETL process","logger":"scripts.stock_etl","map_index":-1,"run_id":"manual__2026-08-17T19:14:24.548797+00:00","try_number":1,"dag_id":"stock_etl_dag","ti_id":"01a01125-7cee-7b59-a24d-c2f5d4b0eb07","task_id":"run_stock_etl","filename":"stock_etl.py","lineno":146}
{"timestamp":"2026-08-17T19:15:21.818561Z","level":"info","event":":: loading settings :: url = jar:file:/home/airflow/.local/lib/python3.13/site-packages/pyspark/jars/ivy-2.5.1.jar!/org/apache/ivy/core/settings/ivysettings.xml","logger":"task.stdout"}
{"timestamp":"2026-08-17T19:15:22.199343Z","level":"error","event":"Ivy Default Cache set to: /home/airflow/.ivy2/cache","logger":"task.stderr"}
{"timestamp":"2026-08-17T19:15:22.200787Z","level":"error","event":"The jars for the packages stored in: /home/airflow/.ivy2/jars","logger":"task.stderr"}
{"timestamp":"2026-08-17T19:15:22.206177Z","level":"error","event":"org.postgresql#postgresql added as a dependency","logger":"task.stderr"}
{"timestamp":"2026-08-17T19:15:22.210200Z","level":"error","event":":: resolving dependencies :: org.apache.spark#spark-submit-parent-647b6d65-fda0-4870-848e-a83c1def1c86;1.0","logger":"task.stderr"}
{"timestamp":"2026-08-17T19:15:22.212559Z","level":"error","event":"\tconfs: [default]","logger":"task.stderr"}
{"timestamp":"2026-08-17T19:15:22.749636Z","level":"error","event":"\tfound org.postgresql#postgresql;42.7.12 in central","logger":"task.stderr"}
{"timestamp":"2026-08-17T19:15:22.819596Z","level":"error","event":":: resolution report :: resolve 586ms :: artifacts dl 20ms","logger":"task.stderr"}
{"timestamp":"2026-08-17T19:15:22.825940Z","level":"error","event":"\t:: modules in use:","logger":"task.stderr"}
{"timestamp":"2026-08-17T19:15:22.826996Z","level":"error","event":"\torg.postgresql#postgresql;42.7.12 from central in [default]","logger":"task.stderr"}
{"timestamp":"2026-08-17T19:15:22.836918Z","level":"error","event":"\t---------------------------------------------------------------------","logger":"task.stderr"}
{"timestamp":"2026-08-17T19:15:22.850000Z","level":"error","event":"\t|                  |            modules            ||   artifacts   |","logger":"task.stderr"}
{"timestamp":"2026-08-17T19:15:22.853866Z","level":"error","event":"\t|       conf       | number| search|dwnlded|evicted|| number|dwnlded|","logger":"task.stderr"}
{"timestamp":"2026-08-17T19:15:22.857445Z","level":"error","event":"\t---------------------------------------------------------------------","logger":"task.stderr"}
{"timestamp":"2026-08-17T19:15:22.860799Z","level":"error","event":"\t|      default     |   1   |   0   |   0   |   0   ||   1   |   0   |","logger":"task.stderr"}
{"timestamp":"2026-08-17T19:15:22.867597Z","level":"error","event":"\t---------------------------------------------------------------------","logger":"task.stderr"}
{"timestamp":"2026-08-17T19:15:22.869616Z","level":"error","event":":: retrieving :: org.apache.spark#spark-submit-parent-647b6d65-fda0-4870-848e-a83c1def1c86","logger":"task.stderr"}
{"timestamp":"2026-08-17T19:15:22.871905Z","level":"error","event":"\tconfs: [default]","logger":"task.stderr"}
{"timestamp":"2026-08-17T19:15:22.873650Z","level":"error","event":"\t0 artifacts copied, 1 already retrieved (0kB/27ms)","logger":"task.stderr"}
{"timestamp":"2026-08-17T19:15:24.563985Z","level":"error","event":"26/08/17 19:15:24 WARN NativeCodeLoader: Unable to load native-hadoop library for your platform... using builtin-java classes where applicable","logger":"task.stderr"}
{"timestamp":"2026-08-17T19:15:26.879905Z","level":"error","event":"Setting default log level to \"WARN\".","logger":"task.stderr"}
{"timestamp":"2026-08-17T19:15:26.882631Z","level":"error","event":"To adjust logging level use sc.setLogLevel(newLevel). For SparkR, use setLogLevel(newLevel).","logger":"task.stderr"}
{"timestamp":"2026-08-17T19:16:18.628099Z","level":"error","event":"26/08/17 19:16:18 ERROR Inbox: Ignoring error","logger":"task.stderr"}
{"timestamp":"2026-08-17T19:16:18.632993Z","level":"error","event":"org.apache.spark.SparkException: Exception thrown in awaitResult:","logger":"task.stderr"}
{"timestamp":"2026-08-17T19:16:18.642101Z","level":"error","event":"\tat org.apache.spark.util.SparkThreadUtils$.awaitResult(SparkThreadUtils.scala:56)","logger":"task.stderr"}
{"timestamp":"2026-08-17T19:16:18.643660Z","level":"error","event":"\tat org.apache.spark.util.ThreadUtils$.awaitResult(ThreadUtils.scala:310)","logger":"task.stderr"}
{"timestamp":"2026-08-17T19:16:18.645644Z","level":"error","event":"\tat org.apache.spark.rpc.RpcTimeout.awaitResult(RpcTimeout.scala:75)","logger":"task.stderr"}
{"timestamp":"2026-08-17T19:16:18.647416Z","level":"error","event":"\tat org.apache.spark.rpc.RpcEnv.setupEndpointRefByURI(RpcEnv.scala:102)","logger":"task.stderr"}
{"timestamp":"2026-08-17T19:16:18.652261Z","level":"error","event":"\tat org.apache.spark.rpc.RpcEnv.setupEndpointRef(RpcEnv.scala:110)","logger":"task.stderr"}
{"timestamp":"2026-08-17T19:16:18.654013Z","level":"error","event":"\tat org.apache.spark.util.RpcUtils$.makeDriverRef(RpcUtils.scala:36)","logger":"task.stderr"}
{"timestamp":"2026-08-17T19:16:18.655649Z","level":"error","event":"\tat org.apache.spark.storage.BlockManagerMasterEndpoint.driverEndpoint$lzycompute(BlockManagerMasterEndpoint.scala:124)","logger":"task.stderr"}
{"timestamp":"2026-08-17T19:16:18.657158Z","level":"error","event":"\tat org.apache.spark.storage.BlockManagerMasterEndpoint.org$apache$spark$storage$BlockManagerMasterEndpoint$$driverEndpoint(BlockManagerMasterEndpoint.scala:123)","logger":"task.stderr"}
{"timestamp":"2026-08-17T19:16:18.661882Z","level":"error","event":"\tat org.apache.spark.storage.BlockManagerMasterEndpoint.isExecutorAlive$lzycompute$1(BlockManagerMasterEndpoint.scala:688)","logger":"task.stderr"}
{"timestamp":"2026-08-17T19:16:18.668566Z","level":"error","event":"\tat org.apache.spark.storage.BlockManagerMasterEndpoint.isExecutorAlive$1(BlockManagerMasterEndpoint.scala:687)","logger":"task.stderr"}
{"timestamp":"2026-08-17T19:16:18.674618Z","level":"error","event":"\tat org.apache.spark.storage.BlockManagerMasterEndpoint.org$apache$spark$storage$BlockManagerMasterEndpoint$$register(BlockManagerMasterEndpoint.scala:725)","logger":"task.stderr"}
{"timestamp":"2026-08-17T19:16:18.676214Z","level":"error","event":"\tat org.apache.spark.storage.BlockManagerMasterEndpoint$$anonfun$receiveAndReply$1.applyOrElse(BlockManagerMasterEndpoint.scala:133)","logger":"task.stderr"}
{"timestamp":"2026-08-17T19:16:18.689773Z","level":"error","event":"\tat org.apache.spark.rpc.netty.Inbox.$anonfun$process$1(Inbox.scala:103)","logger":"task.stderr"}
{"timestamp":"2026-08-17T19:16:18.700241Z","level":"error","event":"\tat org.apache.spark.rpc.netty.Inbox.safelyCall(Inbox.scala:213)","logger":"task.stderr"}
{"timestamp":"2026-08-17T19:16:18.707320Z","level":"error","event":"\tat org.apache.spark.rpc.netty.Inbox.process(Inbox.scala:100)","logger":"task.stderr"}
{"timestamp":"2026-08-17T19:16:18.713752Z","level":"error","event":"\tat org.apache.spark.rpc.netty.MessageLoop.org$apache$spark$rpc$netty$MessageLoop$$receiveLoop(MessageLoop.scala:75)","logger":"task.stderr"}
{"timestamp":"2026-08-17T19:16:18.730652Z","level":"error","event":"\tat org.apache.spark.rpc.netty.MessageLoop$$anon$1.run(MessageLoop.scala:41)","logger":"task.stderr"}
{"timestamp":"2026-08-17T19:16:18.753158Z","level":"error","event":"\tat java.base/java.util.concurrent.ThreadPoolExecutor.runWorker(ThreadPoolExecutor.java:1136)","logger":"task.stderr"}
{"timestamp":"2026-08-17T19:16:18.755581Z","level":"error","event":"\tat java.base/java.util.concurrent.ThreadPoolExecutor$Worker.run(ThreadPoolExecutor.java:635)","logger":"task.stderr"}
{"timestamp":"2026-08-17T19:16:18.761850Z","level":"error","event":"\tat java.base/java.lang.Thread.run(Thread.java:840)","logger":"task.stderr"}
{"timestamp":"2026-08-17T19:16:18.774289Z","level":"error","event":"Caused by: org.apache.spark.rpc.RpcEndpointNotFoundException: Cannot find endpoint: spark://CoarseGrainedScheduler@12d51eab4c36:44563","logger":"task.stderr"}
{"timestamp":"2026-08-17T19:16:18.781961Z","level":"error","event":"\tat org.apache.spark.rpc.netty.NettyRpcEnv.$anonfun$asyncSetupEndpointRefByURI$1(NettyRpcEnv.scala:148)","logger":"task.stderr"}
{"timestamp":"2026-08-17T19:16:18.799714Z","level":"error","event":"\tat org.apache.spark.rpc.netty.NettyRpcEnv.$anonfun$asyncSetupEndpointRefByURI$1$adapted(NettyRpcEnv.scala:144)","logger":"task.stderr"}
{"timestamp":"2026-08-17T19:16:18.813552Z","level":"error","event":"\tat scala.concurrent.Future.$anonfun$flatMap$1(Future.scala:307)","logger":"task.stderr"}
{"timestamp":"2026-08-17T19:16:18.821583Z","level":"error","event":"\tat scala.concurrent.impl.Promise.$anonfun$transformWith$1(Promise.scala:41)","logger":"task.stderr"}
{"timestamp":"2026-08-17T19:16:18.839571Z","level":"error","event":"\tat scala.concurrent.impl.CallbackRunnable.run(Promise.scala:64)","logger":"task.stderr"}
{"timestamp":"2026-08-17T19:16:18.847131Z","level":"error","event":"\tat org.apache.spark.util.ThreadUtils$$anon$1.execute(ThreadUtils.scala:99)","logger":"task.stderr"}
{"timestamp":"2026-08-17T19:16:18.858280Z","level":"error","event":"\tat scala.concurrent.impl.ExecutionContextImpl$$anon$4.execute(ExecutionContextImpl.scala:138)","logger":"task.stderr"}
{"timestamp":"2026-08-17T19:16:18.861793Z","level":"error","event":"\tat scala.concurrent.impl.CallbackRunnable.executeWithValue(Promise.scala:72)","logger":"task.stderr"}
{"timestamp":"2026-08-17T19:16:18.882571Z","level":"error","event":"\tat scala.concurrent.impl.Promise$DefaultPromise.dispatchOrAddCallback(Promise.scala:316)","logger":"task.stderr"}
{"timestamp":"2026-08-17T19:16:18.889903Z","level":"error","event":"\tat scala.concurrent.impl.Promise$DefaultPromise.onComplete(Promise.scala:307)","logger":"task.stderr"}
{"timestamp":"2026-08-17T19:16:18.900633Z","level":"error","event":"\tat scala.concurrent.impl.Promise.transformWith(Promise.scala:40)","logger":"task.stderr"}
{"timestamp":"2026-08-17T19:16:18.902982Z","level":"error","event":"\tat scala.concurrent.impl.Promise.transformWith$(Promise.scala:38)","logger":"task.stderr"}
{"timestamp":"2026-08-17T19:16:18.909284Z","level":"error","event":"\tat scala.concurrent.impl.Promise$DefaultPromise.transformWith(Promise.scala:187)","logger":"task.stderr"}
{"timestamp":"2026-08-17T19:16:18.915631Z","level":"error","event":"\tat scala.concurrent.Future.flatMap(Future.scala:306)","logger":"task.stderr"}
{"timestamp":"2026-08-17T19:16:18.928365Z","level":"error","event":"\tat scala.concurrent.Future.flatMap$(Future.scala:306)","logger":"task.stderr"}
{"timestamp":"2026-08-17T19:16:18.936663Z","level":"error","event":"\tat scala.concurrent.impl.Promise$DefaultPromise.flatMap(Promise.scala:187)","logger":"task.stderr"}
{"timestamp":"2026-08-17T19:16:18.940964Z","level":"error","event":"\tat org.apache.spark.rpc.netty.NettyRpcEnv.asyncSetupEndpointRefByURI(NettyRpcEnv.scala:150)","logger":"task.stderr"}
{"timestamp":"2026-08-17T19:16:18.949072Z","level":"error","event":"\t... 17 more","logger":"task.stderr"}
{"timestamp":"2026-08-17T19:16:19.178353Z","level":"error","event":"26/08/17 19:16:18 WARN Executor: Issue communicating with driver in heartbeater","logger":"task.stderr"}
{"timestamp":"2026-08-17T19:16:19.188739Z","level":"error","event":"org.apache.spark.SparkException: Exception thrown in awaitResult:","logger":"task.stderr"}
{"timestamp":"2026-08-17T19:16:19.191220Z","level":"error","event":"\tat org.apache.spark.util.SparkThreadUtils$.awaitResult(SparkThreadUtils.scala:56)","logger":"task.stderr"}
{"timestamp":"2026-08-17T19:16:19.202977Z","level":"error","event":"\tat org.apache.spark.util.ThreadUtils$.awaitResult(ThreadUtils.scala:310)","logger":"task.stderr"}
{"timestamp":"2026-08-17T19:16:19.204722Z","level":"error","event":"\tat org.apache.spark.rpc.RpcTimeout.awaitResult(RpcTimeout.scala:75)","logger":"task.stderr"}
{"timestamp":"2026-08-17T19:16:19.207521Z","level":"error","event":"\tat org.apache.spark.rpc.RpcEndpointRef.askSync(RpcEndpointRef.scala:101)","logger":"task.stderr"}
{"timestamp":"2026-08-17T19:16:19.225051Z","level":"error","event":"\tat org.apache.spark.rpc.RpcEndpointRef.askSync(RpcEndpointRef.scala:85)","logger":"task.stderr"}
{"timestamp":"2026-08-17T19:16:19.238108Z","level":"error","event":"\tat org.apache.spark.storage.BlockManagerMaster.registerBlockManager(BlockManagerMaster.scala:80)","logger":"task.stderr"}
{"timestamp":"2026-08-17T19:16:19.250889Z","level":"error","event":"\tat org.apache.spark.storage.BlockManager.reregister(BlockManager.scala:642)","logger":"task.stderr"}
{"timestamp":"2026-08-17T19:16:19.256593Z","level":"error","event":"\tat org.apache.spark.executor.Executor.reportHeartBeat(Executor.scala:1223)","logger":"task.stderr"}
{"timestamp":"2026-08-17T19:16:19.264265Z","level":"error","event":"\tat org.apache.spark.executor.Executor.$anonfun$heartbeater$1(Executor.scala:295)","logger":"task.stderr"}
{"timestamp":"2026-08-17T19:16:19.283052Z","level":"error","event":"\tat scala.runtime.java8.JFunction0$mcV$sp.apply(JFunction0$mcV$sp.java:23)","logger":"task.stderr"}
{"timestamp":"2026-08-17T19:16:19.296065Z","level":"error","event":"\tat org.apache.spark.util.Utils$.logUncaughtExceptions(Utils.scala:1928)","logger":"task.stderr"}
{"timestamp":"2026-08-17T19:16:19.309450Z","level":"error","event":"\tat org.apache.spark.Heartbeater$$anon$1.run(Heartbeater.scala:46)","logger":"task.stderr"}
{"timestamp":"2026-08-17T19:16:19.322649Z","level":"error","event":"\tat java.base/java.util.concurrent.Executors$RunnableAdapter.call(Executors.java:539)","logger":"task.stderr"}
{"timestamp":"2026-08-17T19:16:19.342279Z","level":"error","event":"\tat java.base/java.util.concurrent.FutureTask.runAndReset(FutureTask.java:305)","logger":"task.stderr"}
{"timestamp":"2026-08-17T19:16:19.349818Z","level":"error","event":"\tat java.base/java.util.concurrent.ScheduledThreadPoolExecutor$ScheduledFutureTask.run(ScheduledThreadPoolExecutor.java:305)","logger":"task.stderr"}
{"timestamp":"2026-08-17T19:16:19.373158Z","level":"error","event":"\tat java.base/java.util.concurrent.ThreadPoolExecutor.runWorker(ThreadPoolExecutor.java:1136)","logger":"task.stderr"}
{"timestamp":"2026-08-17T19:16:19.376802Z","level":"error","event":"\tat java.base/java.util.concurrent.ThreadPoolExecutor$Worker.run(ThreadPoolExecutor.java:635)","logger":"task.stderr"}
{"timestamp":"2026-08-17T19:16:19.389066Z","level":"error","event":"\tat java.base/java.lang.Thread.run(Thread.java:840)","logger":"task.stderr"}
{"timestamp":"2026-08-17T19:16:19.413939Z","level":"error","event":"Caused by: org.apache.spark.SparkException: Exception thrown in awaitResult:","logger":"task.stderr"}
{"timestamp":"2026-08-17T19:16:19.415891Z","level":"error","event":"\tat org.apache.spark.util.SparkThreadUtils$.awaitResult(SparkThreadUtils.scala:56)","logger":"task.stderr"}
{"timestamp":"2026-08-17T19:16:19.427725Z","level":"error","event":"\tat org.apache.spark.util.ThreadUtils$.awaitResult(ThreadUtils.scala:310)","logger":"task.stderr"}
{"timestamp":"2026-08-17T19:16:19.460653Z","level":"error","event":"\tat org.apache.spark.rpc.RpcTimeout.awaitResult(RpcTimeout.scala:75)","logger":"task.stderr"}
{"timestamp":"2026-08-17T19:16:19.479955Z","level":"error","event":"\tat org.apache.spark.rpc.RpcEnv.setupEndpointRefByURI(RpcEnv.scala:102)","logger":"task.stderr"}
{"timestamp":"2026-08-17T19:16:19.482227Z","level":"error","event":"\tat org.apache.spark.rpc.RpcEnv.setupEndpointRef(RpcEnv.scala:110)","logger":"task.stderr"}
{"timestamp":"2026-08-17T19:16:19.486965Z","level":"error","event":"\tat org.apache.spark.util.RpcUtils$.makeDriverRef(RpcUtils.scala:36)","logger":"task.stderr"}
{"timestamp":"2026-08-17T19:16:19.513330Z","level":"error","event":"\tat org.apache.spark.storage.BlockManagerMasterEndpoint.driverEndpoint$lzycompute(BlockManagerMasterEndpoint.scala:124)","logger":"task.stderr"}
{"timestamp":"2026-08-17T19:16:19.519908Z","level":"error","event":"\tat org.apache.spark.storage.BlockManagerMasterEndpoint.org$apache$spark$storage$BlockManagerMasterEndpoint$$driverEndpoint(BlockManagerMasterEndpoint.scala:123)","logger":"task.stderr"}
{"timestamp":"2026-08-17T19:16:19.532583Z","level":"error","event":"\tat org.apache.spark.storage.BlockManagerMasterEndpoint.isExecutorAlive$lzycompute$1(BlockManagerMasterEndpoint.scala:688)","logger":"task.stderr"}
{"timestamp":"2026-08-17T19:16:19.545800Z","level":"error","event":"\tat org.apache.spark.storage.BlockManagerMasterEndpoint.isExecutorAlive$1(BlockManagerMasterEndpoint.scala:687)","logger":"task.stderr"}
{"timestamp":"2026-08-17T19:16:19.686384Z","level":"error","event":"\tat org.apache.spark.storage.BlockManagerMasterEndpoint.org$apache$spark$storage$BlockManagerMasterEndpoint$$register(BlockManagerMasterEndpoint.scala:725)","logger":"task.stderr"}
{"timestamp":"2026-08-17T19:16:19.725053Z","level":"error","event":"\tat org.apache.spark.storage.BlockManagerMasterEndpoint$$anonfun$receiveAndReply$1.applyOrElse(BlockManagerMasterEndpoint.scala:133)","logger":"task.stderr"}
{"timestamp":"2026-08-17T19:16:19.736504Z","level":"error","event":"\tat org.apache.spark.rpc.netty.Inbox.$anonfun$process$1(Inbox.scala:103)","logger":"task.stderr"}
{"timestamp":"2026-08-17T19:16:19.770828Z","level":"error","event":"\tat org.apache.spark.rpc.netty.Inbox.safelyCall(Inbox.scala:213)","logger":"task.stderr"}
{"timestamp":"2026-08-17T19:16:19.787938Z","level":"error","event":"\tat org.apache.spark.rpc.netty.Inbox.process(Inbox.scala:100)","logger":"task.stderr"}
{"timestamp":"2026-08-17T19:16:19.800765Z","level":"error","event":"\tat org.apache.spark.rpc.netty.MessageLoop.org$apache$spark$rpc$netty$MessageLoop$$receiveLoop(MessageLoop.scala:75)","logger":"task.stderr"}
{"timestamp":"2026-08-17T19:16:19.818908Z","level":"error","event":"\tat org.apache.spark.rpc.netty.MessageLoop$$anon$1.run(MessageLoop.scala:41)","logger":"task.stderr"}
{"timestamp":"2026-08-17T19:16:19.832075Z","level":"error","event":"\t... 3 more","logger":"task.stderr"}
{"timestamp":"2026-08-17T19:16:19.850756Z","level":"error","event":"Caused by: org.apache.spark.rpc.RpcEndpointNotFoundException: Cannot find endpoint: spark://CoarseGrainedScheduler@12d51eab4c36:44563","logger":"task.stderr"}
{"timestamp":"2026-08-17T19:16:19.862703Z","level":"error","event":"\tat org.apache.spark.rpc.netty.NettyRpcEnv.$anonfun$asyncSetupEndpointRefByURI$1(NettyRpcEnv.scala:148)","logger":"task.stderr"}
{"timestamp":"2026-08-17T19:16:19.870810Z","level":"error","event":"\tat org.apache.spark.rpc.netty.NettyRpcEnv.$anonfun$asyncSetupEndpointRefByURI$1$adapted(NettyRpcEnv.scala:144)","logger":"task.stderr"}
{"timestamp":"2026-08-17T19:16:19.888268Z","level":"error","event":"\tat scala.concurrent.Future.$anonfun$flatMap$1(Future.scala:307)","logger":"task.stderr"}
{"timestamp":"2026-08-17T19:16:19.917278Z","level":"error","event":"\tat scala.concurrent.impl.Promise.$anonfun$transformWith$1(Promise.scala:41)","logger":"task.stderr"}
{"timestamp":"2026-08-17T19:16:19.929253Z","level":"error","event":"\tat scala.concurrent.impl.CallbackRunnable.run(Promise.scala:64)","logger":"task.stderr"}
{"timestamp":"2026-08-17T19:16:19.932897Z","level":"error","event":"\tat org.apache.spark.util.ThreadUtils$$anon$1.execute(ThreadUtils.scala:99)","logger":"task.stderr"}
{"timestamp":"2026-08-17T19:16:19.943207Z","level":"error","event":"\tat scala.concurrent.impl.ExecutionContextImpl$$anon$4.execute(ExecutionContextImpl.scala:138)","logger":"task.stderr"}
{"timestamp":"2026-08-17T19:16:19.946389Z","level":"error","event":"\tat scala.concurrent.impl.CallbackRunnable.executeWithValue(Promise.scala:72)","logger":"task.stderr"}
{"timestamp":"2026-08-17T19:16:19.964472Z","level":"error","event":"\tat scala.concurrent.impl.Promise$DefaultPromise.dispatchOrAddCallback(Promise.scala:316)","logger":"task.stderr"}
{"timestamp":"2026-08-17T19:16:19.973349Z","level":"error","event":"\tat scala.concurrent.impl.Promise$DefaultPromise.onComplete(Promise.scala:307)","logger":"task.stderr"}
{"timestamp":"2026-08-17T19:16:19.984989Z","level":"error","event":"\tat scala.concurrent.impl.Promise.transformWith(Promise.scala:40)","logger":"task.stderr"}
{"timestamp":"2026-08-17T19:16:19.997398Z","level":"error","event":"\tat scala.concurrent.impl.Promise.transformWith$(Promise.scala:38)","logger":"task.stderr"}
{"timestamp":"2026-08-17T19:16:20.004502Z","level":"error","event":"\tat scala.concurrent.impl.Promise$DefaultPromise.transformWith(Promise.scala:187)","logger":"task.stderr"}
{"timestamp":"2026-08-17T19:16:20.010688Z","level":"error","event":"\tat scala.concurrent.Future.flatMap(Future.scala:306)","logger":"task.stderr"}
{"timestamp":"2026-08-17T19:16:20.017630Z","level":"error","event":"\tat scala.concurrent.Future.flatMap$(Future.scala:306)","logger":"task.stderr"}
{"timestamp":"2026-08-17T19:16:20.042856Z","level":"error","event":"\tat scala.concurrent.impl.Promise$DefaultPromise.flatMap(Promise.scala:187)","logger":"task.stderr"}
{"timestamp":"2026-08-17T19:16:20.054893Z","level":"error","event":"\tat org.apache.spark.rpc.netty.NettyRpcEnv.asyncSetupEndpointRefByURI(NettyRpcEnv.scala:150)","logger":"task.stderr"}
{"timestamp":"2026-08-17T19:16:20.096540Z","level":"error","event":"\t... 17 more","logger":"task.stderr"}
{"timestamp":"2026-08-17T19:16:26.918905Z","level":"error","event":"26/08/17 19:16:26 ERROR Inbox: Ignoring error","logger":"task.stderr"}
{"timestamp":"2026-08-17T19:16:26.933291Z","level":"error","event":"org.apache.spark.SparkException: Exception thrown in awaitResult:","logger":"task.stderr"}
{"timestamp":"2026-08-17T19:16:26.946384Z","level":"error","event":"\tat org.apache.spark.util.SparkThreadUtils$.awaitResult(SparkThreadUtils.scala:56)","logger":"task.stderr"}
{"timestamp":"2026-08-17T19:16:26.959650Z","level":"error","event":"\tat org.apache.spark.util.ThreadUtils$.awaitResult(ThreadUtils.scala:310)","logger":"task.stderr"}
{"timestamp":"2026-08-17T19:16:26.984562Z","level":"error","event":"\tat org.apache.spark.rpc.RpcTimeout.awaitResult(RpcTimeout.scala:75)","logger":"task.stderr"}
{"timestamp":"2026-08-17T19:16:26.997805Z","level":"error","event":"\tat org.apache.spark.rpc.RpcEnv.setupEndpointRefByURI(RpcEnv.scala:102)","logger":"task.stderr"}
{"timestamp":"2026-08-17T19:16:27.010635Z","level":"error","event":"\tat org.apache.spark.rpc.RpcEnv.setupEndpointRef(RpcEnv.scala:110)","logger":"task.stderr"}
{"timestamp":"2026-08-17T19:16:27.035991Z","level":"error","event":"\tat org.apache.spark.util.RpcUtils$.makeDriverRef(RpcUtils.scala:36)","logger":"task.stderr"}
{"timestamp":"2026-08-17T19:16:27.057094Z","level":"error","event":"\tat org.apache.spark.storage.BlockManagerMasterEndpoint.driverEndpoint$lzycompute(BlockManagerMasterEndpoint.scala:124)","logger":"task.stderr"}
{"timestamp":"2026-08-17T19:16:27.075818Z","level":"error","event":"\tat org.apache.spark.storage.BlockManagerMasterEndpoint.org$apache$spark$storage$BlockManagerMasterEndpoint$$driverEndpoint(BlockManagerMasterEndpoint.scala:123)","logger":"task.stderr"}
{"timestamp":"2026-08-17T19:16:27.102618Z","level":"error","event":"\tat org.apache.spark.storage.BlockManagerMasterEndpoint.isExecutorAlive$lzycompute$1(BlockManagerMasterEndpoint.scala:688)","logger":"task.stderr"}
{"timestamp":"2026-08-17T19:16:27.115323Z","level":"error","event":"\tat org.apache.spark.storage.BlockManagerMasterEndpoint.isExecutorAlive$1(BlockManagerMasterEndpoint.scala:687)","logger":"task.stderr"}
{"timestamp":"2026-08-17T19:16:27.142752Z","level":"error","event":"\tat org.apache.spark.storage.BlockManagerMasterEndpoint.org$apache$spark$storage$BlockManagerMasterEndpoint$$register(BlockManagerMasterEndpoint.scala:725)","logger":"task.stderr"}
{"timestamp":"2026-08-17T19:16:27.194978Z","level":"error","event":"\tat org.apache.spark.storage.BlockManagerMasterEndpoint$$anonfun$receiveAndReply$1.applyOrElse(BlockManagerMasterEndpoint.scala:133)","logger":"task.stderr"}
{"timestamp":"2026-08-17T19:16:27.208009Z","level":"error","event":"\tat org.apache.spark.rpc.netty.Inbox.$anonfun$process$1(Inbox.scala:103)","logger":"task.stderr"}
{"timestamp":"2026-08-17T19:16:27.221298Z","level":"error","event":"\tat org.apache.spark.rpc.netty.Inbox.safelyCall(Inbox.scala:213)","logger":"task.stderr"}
{"timestamp":"2026-08-17T19:16:27.306282Z","level":"error","event":"\tat org.apache.spark.rpc.netty.Inbox.process(Inbox.scala:100)","logger":"task.stderr"}
{"timestamp":"2026-08-17T19:16:27.332536Z","level":"error","event":"\tat org.apache.spark.rpc.netty.MessageLoop.org$apache$spark$rpc$netty$MessageLoop$$receiveLoop(MessageLoop.scala:75)","logger":"task.stderr"}
{"timestamp":"2026-08-17T19:16:27.384764Z","level":"error","event":"\tat org.apache.spark.rpc.netty.MessageLoop$$anon$1.run(MessageLoop.scala:41)","logger":"task.stderr"}
{"timestamp":"2026-08-17T19:16:27.414585Z","level":"error","event":"\tat java.base/java.util.concurrent.ThreadPoolExecutor.runWorker(ThreadPoolExecutor.java:1136)","logger":"task.stderr"}
{"timestamp":"2026-08-17T19:16:27.419805Z","level":"error","event":"\tat java.base/java.util.concurrent.ThreadPoolExecutor$Worker.run(ThreadPoolExecutor.java:635)","logger":"task.stderr"}
{"timestamp":"2026-08-17T19:16:27.421231Z","level":"error","event":"\tat java.base/java.lang.Thread.run(Thread.java:840)","logger":"task.stderr"}
{"timestamp":"2026-08-17T19:16:27.426558Z","level":"error","event":"Caused by: org.apache.spark.rpc.RpcEndpointNotFoundException: Cannot find endpoint: spark://CoarseGrainedScheduler@12d51eab4c36:44563","logger":"task.stderr"}
{"timestamp":"2026-08-17T19:16:27.437165Z","level":"error","event":"\tat org.apache.spark.rpc.netty.NettyRpcEnv.$anonfun$asyncSetupEndpointRefByURI$1(NettyRpcEnv.scala:148)","logger":"task.stderr"}
{"timestamp":"2026-08-17T19:16:27.438699Z","level":"error","event":"\tat org.apache.spark.rpc.netty.NettyRpcEnv.$anonfun$asyncSetupEndpointRefByURI$1$adapted(NettyRpcEnv.scala:144)","logger":"task.stderr"}
{"timestamp":"2026-08-17T19:16:27.468365Z","level":"error","event":"\tat scala.concurrent.Future.$anonfun$flatMap$1(Future.scala:307)","logger":"task.stderr"}
{"timestamp":"2026-08-17T19:16:27.499933Z","level":"error","event":"\tat scala.concurrent.impl.Promise.$anonfun$transformWith$1(Promise.scala:41)","logger":"task.stderr"}
{"timestamp":"2026-08-17T19:16:27.513384Z","level":"error","event":"\tat scala.concurrent.impl.CallbackRunnable.run(Promise.scala:64)","logger":"task.stderr"}
{"timestamp":"2026-08-17T19:16:27.516030Z","level":"error","event":"\tat org.apache.spark.util.ThreadUtils$$anon$1.execute(ThreadUtils.scala:99)","logger":"task.stderr"}
{"timestamp":"2026-08-17T19:16:27.524260Z","level":"error","event":"\tat scala.concurrent.impl.ExecutionContextImpl$$anon$4.execute(ExecutionContextImpl.scala:138)","logger":"task.stderr"}
{"timestamp":"2026-08-17T19:16:27.528934Z","level":"error","event":"\tat scala.concurrent.impl.CallbackRunnable.executeWithValue(Promise.scala:72)","logger":"task.stderr"}
{"timestamp":"2026-08-17T19:16:27.535684Z","level":"error","event":"\tat scala.concurrent.impl.Promise$DefaultPromise.$anonfun$tryComplete$1(Promise.scala:288)","logger":"task.stderr"}
{"timestamp":"2026-08-17T19:16:27.537611Z","level":"error","event":"\tat scala.concurrent.impl.Promise$DefaultPromise.$anonfun$tryComplete$1$adapted(Promise.scala:288)","logger":"task.stderr"}
{"timestamp":"2026-08-17T19:16:27.543601Z","level":"error","event":"\tat scala.concurrent.impl.Promise$DefaultPromise.tryComplete(Promise.scala:288)","logger":"task.stderr"}
{"timestamp":"2026-08-17T19:16:27.555869Z","level":"error","event":"\tat scala.concurrent.Promise.complete(Promise.scala:53)","logger":"task.stderr"}
{"timestamp":"2026-08-17T19:16:27.560636Z","level":"error","event":"\tat scala.concurrent.Promise.complete$(Promise.scala:52)","logger":"task.stderr"}
{"timestamp":"2026-08-17T19:16:27.591248Z","level":"error","event":"\tat scala.concurrent.impl.Promise$DefaultPromise.complete(Promise.scala:187)","logger":"task.stderr"}
{"timestamp":"2026-08-17T19:16:27.592620Z","level":"error","event":"\tat scala.concurrent.impl.Promise.$anonfun$transform$1(Promise.scala:33)","logger":"task.stderr"}
{"timestamp":"2026-08-17T19:16:27.597882Z","level":"error","event":"\tat scala.concurrent.impl.CallbackRunnable.run(Promise.scala:64)","logger":"task.stderr"}
{"timestamp":"2026-08-17T19:16:27.602217Z","level":"error","event":"\tat org.apache.spark.util.ThreadUtils$$anon$1.execute(ThreadUtils.scala:99)","logger":"task.stderr"}
{"timestamp":"2026-08-17T19:16:27.605676Z","level":"error","event":"\tat scala.concurrent.impl.ExecutionContextImpl$$anon$4.execute(ExecutionContextImpl.scala:138)","logger":"task.stderr"}
{"timestamp":"2026-08-17T19:16:27.612521Z","level":"error","event":"\tat scala.concurrent.impl.CallbackRunnable.executeWithValue(Promise.scala:72)","logger":"task.stderr"}
{"timestamp":"2026-08-17T19:16:27.615475Z","level":"error","event":"\tat scala.concurrent.impl.Promise$DefaultPromise.$anonfun$tryComplete$1(Promise.scala:288)","logger":"task.stderr"}
{"timestamp":"2026-08-17T19:16:27.618510Z","level":"error","event":"\tat scala.concurrent.impl.Promise$DefaultPromise.$anonfun$tryComplete$1$adapted(Promise.scala:288)","logger":"task.stderr"}
{"timestamp":"2026-08-17T19:16:27.622211Z","level":"error","event":"\tat scala.concurrent.impl.Promise$DefaultPromise.tryComplete(Promise.scala:288)","logger":"task.stderr"}
{"timestamp":"2026-08-17T19:16:27.624928Z","level":"error","event":"\tat scala.concurrent.Promise.complete(Promise.scala:53)","logger":"task.stderr"}
{"timestamp":"2026-08-17T19:16:27.642246Z","level":"error","event":"\tat scala.concurrent.Promise.complete$(Promise.scala:52)","logger":"task.stderr"}
{"timestamp":"2026-08-17T19:16:27.709446Z","level":"error","event":"\tat scala.concurrent.impl.Promise$DefaultPromise.complete(Promise.scala:187)","logger":"task.stderr"}
{"timestamp":"2026-08-17T19:16:27.713699Z","level":"error","event":"\tat scala.concurrent.impl.Promise.$anonfun$transform$1(Promise.scala:33)","logger":"task.stderr"}
{"timestamp":"2026-08-17T19:16:27.718348Z","level":"error","event":"\tat scala.concurrent.impl.CallbackRunnable.run(Promise.scala:64)","logger":"task.stderr"}
{"timestamp":"2026-08-17T19:16:27.720217Z","level":"error","event":"\tat scala.concurrent.BatchingExecutor$Batch.processBatch$1(BatchingExecutor.scala:67)","logger":"task.stderr"}
{"timestamp":"2026-08-17T19:16:27.722244Z","level":"error","event":"\tat scala.concurrent.BatchingExecutor$Batch.$anonfun$run$1(BatchingExecutor.scala:82)","logger":"task.stderr"}
{"timestamp":"2026-08-17T19:16:27.726396Z","level":"error","event":"\tat scala.runtime.java8.JFunction0$mcV$sp.apply(JFunction0$mcV$sp.java:23)","logger":"task.stderr"}
{"timestamp":"2026-08-17T19:16:27.731156Z","level":"error","event":"\tat scala.concurrent.BlockContext$.withBlockContext(BlockContext.scala:85)","logger":"task.stderr"}
{"timestamp":"2026-08-17T19:16:27.748882Z","level":"error","event":"\tat scala.concurrent.BatchingExecutor$Batch.run(BatchingExecutor.scala:59)","logger":"task.stderr"}
{"timestamp":"2026-08-17T19:16:27.754711Z","level":"error","event":"\tat scala.concurrent.Future$InternalCallbackExecutor$.unbatchedExecute(Future.scala:875)","logger":"task.stderr"}
{"timestamp":"2026-08-17T19:16:27.793845Z","level":"error","event":"\tat scala.concurrent.BatchingExecutor.execute(BatchingExecutor.scala:110)","logger":"task.stderr"}
{"timestamp":"2026-08-17T19:16:27.826836Z","level":"error","event":"\tat scala.concurrent.BatchingExecutor.execute$(BatchingExecutor.scala:107)","logger":"task.stderr"}
{"timestamp":"2026-08-17T19:16:27.828557Z","level":"error","event":"\tat scala.concurrent.Future$InternalCallbackExecutor$.execute(Future.scala:873)","logger":"task.stderr"}
{"timestamp":"2026-08-17T19:16:27.852414Z","level":"error","event":"\tat scala.concurrent.impl.CallbackRunnable.executeWithValue(Promise.scala:72)","logger":"task.stderr"}
{"timestamp":"2026-08-17T19:16:27.854378Z","level":"error","event":"\tat scala.concurrent.impl.Promise$DefaultPromise.$anonfun$tryComplete$1(Promise.scala:288)","logger":"task.stderr"}
{"timestamp":"2026-08-17T19:16:27.856125Z","level":"error","event":"\tat scala.concurrent.impl.Promise$DefaultPromise.$anonfun$tryComplete$1$adapted(Promise.scala:288)","logger":"task.stderr"}
{"timestamp":"2026-08-17T19:16:27.865824Z","level":"error","event":"\tat scala.concurrent.impl.Promise$DefaultPromise.tryComplete(Promise.scala:288)","logger":"task.stderr"}
{"timestamp":"2026-08-17T19:16:27.892064Z","level":"error","event":"\tat scala.concurrent.Promise.trySuccess(Promise.scala:94)","logger":"task.stderr"}
{"timestamp":"2026-08-17T19:16:27.894189Z","level":"error","event":"\tat scala.concurrent.Promise.trySuccess$(Promise.scala:94)","logger":"task.stderr"}
{"timestamp":"2026-08-17T19:16:27.902561Z","level":"error","event":"\tat scala.concurrent.impl.Promise$DefaultPromise.trySuccess(Promise.scala:187)","logger":"task.stderr"}
{"timestamp":"2026-08-17T19:16:27.911107Z","level":"error","event":"\tat org.apache.spark.rpc.netty.NettyRpcEnv.onSuccess$1(NettyRpcEnv.scala:225)","logger":"task.stderr"}
{"timestamp":"2026-08-17T19:16:27.924279Z","level":"error","event":"\tat org.apache.spark.rpc.netty.NettyRpcEnv.$anonfun$askAbortable$5(NettyRpcEnv.scala:239)","logger":"task.stderr"}
{"timestamp":"2026-08-17T19:16:27.926387Z","level":"error","event":"\tat org.apache.spark.rpc.netty.NettyRpcEnv.$anonfun$askAbortable$5$adapted(NettyRpcEnv.scala:238)","logger":"task.stderr"}
{"timestamp":"2026-08-17T19:16:27.937453Z","level":"error","event":"\tat scala.concurrent.impl.CallbackRunnable.run(Promise.scala:64)","logger":"task.stderr"}
{"timestamp":"2026-08-17T19:16:27.938942Z","level":"error","event":"\tat org.apache.spark.util.ThreadUtils$$anon$1.execute(ThreadUtils.scala:99)","logger":"task.stderr"}
{"timestamp":"2026-08-17T19:16:27.940563Z","level":"error","event":"\tat scala.concurrent.impl.ExecutionContextImpl$$anon$4.execute(ExecutionContextImpl.scala:138)","logger":"task.stderr"}
{"timestamp":"2026-08-17T19:16:27.942116Z","level":"error","event":"\tat scala.concurrent.impl.CallbackRunnable.executeWithValue(Promise.scala:72)","logger":"task.stderr"}
{"timestamp":"2026-08-17T19:16:27.962369Z","level":"error","event":"\tat scala.concurrent.impl.Promise$DefaultPromise.$anonfun$tryComplete$1(Promise.scala:288)","logger":"task.stderr"}
{"timestamp":"2026-08-17T19:16:28.004779Z","level":"error","event":"\tat scala.concurrent.impl.Promise$DefaultPromise.$anonfun$tryComplete$1$adapted(Promise.scala:288)","logger":"task.stderr"}
{"timestamp":"2026-08-17T19:16:28.027768Z","level":"error","event":"\tat scala.concurrent.impl.Promise$DefaultPromise.tryComplete(Promise.scala:288)","logger":"task.stderr"}
{"timestamp":"2026-08-17T19:16:28.029668Z","level":"error","event":"\tat scala.concurrent.Promise.complete(Promise.scala:53)","logger":"task.stderr"}
{"timestamp":"2026-08-17T19:16:28.031259Z","level":"error","event":"\tat scala.concurrent.Promise.complete$(Promise.scala:52)","logger":"task.stderr"}
{"timestamp":"2026-08-17T19:16:28.042259Z","level":"error","event":"\tat scala.concurrent.impl.Promise$DefaultPromise.complete(Promise.scala:187)","logger":"task.stderr"}
{"timestamp":"2026-08-17T19:16:28.051486Z","level":"error","event":"\tat scala.concurrent.Promise.success(Promise.scala:86)","logger":"task.stderr"}
{"timestamp":"2026-08-17T19:16:28.069148Z","level":"error","event":"\tat scala.concurrent.Promise.success$(Promise.scala:86)","logger":"task.stderr"}
{"timestamp":"2026-08-17T19:16:28.173736Z","level":"error","event":"\tat scala.concurrent.impl.Promise$DefaultPromise.success(Promise.scala:187)","logger":"task.stderr"}
{"timestamp":"2026-08-17T19:16:28.212318Z","level":"error","event":"\tat org.apache.spark.rpc.netty.LocalNettyRpcCallContext.send(NettyRpcCallContext.scala:50)","logger":"task.stderr"}
{"timestamp":"2026-08-17T19:16:28.245155Z","level":"error","event":"\tat org.apache.spark.rpc.netty.NettyRpcCallContext.reply(NettyRpcCallContext.scala:32)","logger":"task.stderr"}
{"timestamp":"2026-08-17T19:16:28.313603Z","level":"error","event":"\tat org.apache.spark.rpc.netty.RpcEndpointVerifier$$anonfun$receiveAndReply$1.applyOrElse(RpcEndpointVerifier.scala:31)","logger":"task.stderr"}
{"timestamp":"2026-08-17T19:16:28.332227Z","level":"error","event":"\t... 8 more","logger":"task.stderr"}
{"timestamp":"2026-08-17T19:16:28.350462Z","level":"error","event":"26/08/17 19:16:26 WARN Executor: Issue communicating with driver in heartbeater","logger":"task.stderr"}
{"timestamp":"2026-08-17T19:16:28.352107Z","level":"error","event":"org.apache.spark.SparkException: Exception thrown in awaitResult:","logger":"task.stderr"}
{"timestamp":"2026-08-17T19:16:28.398439Z","level":"error","event":"\tat org.apache.spark.util.SparkThreadUtils$.awaitResult(SparkThreadUtils.scala:56)","logger":"task.stderr"}
{"timestamp":"2026-08-17T19:16:28.417770Z","level":"error","event":"\tat org.apache.spark.util.ThreadUtils$.awaitResult(ThreadUtils.scala:310)","logger":"task.stderr"}
{"timestamp":"2026-08-17T19:16:28.442870Z","level":"error","event":"\tat org.apache.spark.rpc.RpcTimeout.awaitResult(RpcTimeout.scala:75)","logger":"task.stderr"}
{"timestamp":"2026-08-17T19:16:28.449833Z","level":"error","event":"\tat org.apache.spark.rpc.RpcEndpointRef.askSync(RpcEndpointRef.scala:101)","logger":"task.stderr"}
{"timestamp":"2026-08-17T19:16:28.469165Z","level":"error","event":"\tat org.apache.spark.rpc.RpcEndpointRef.askSync(RpcEndpointRef.scala:85)","logger":"task.stderr"}
{"timestamp":"2026-08-17T19:16:28.482254Z","level":"error","event":"\tat org.apache.spark.storage.BlockManagerMaster.registerBlockManager(BlockManagerMaster.scala:80)","logger":"task.stderr"}
{"timestamp":"2026-08-17T19:16:28.494841Z","level":"error","event":"\tat org.apache.spark.storage.BlockManager.reregister(BlockManager.scala:642)","logger":"task.stderr"}
{"timestamp":"2026-08-17T19:16:28.526039Z","level":"error","event":"\tat org.apache.spark.executor.Executor.reportHeartBeat(Executor.scala:1223)","logger":"task.stderr"}
{"timestamp":"2026-08-17T19:16:28.532903Z","level":"error","event":"\tat org.apache.spark.executor.Executor.$anonfun$heartbeater$1(Executor.scala:295)","logger":"task.stderr"}
{"timestamp":"2026-08-17T19:16:28.539486Z","level":"error","event":"\tat scala.runtime.java8.JFunction0$mcV$sp.apply(JFunction0$mcV$sp.java:23)","logger":"task.stderr"}
{"timestamp":"2026-08-17T19:16:28.546412Z","level":"error","event":"\tat org.apache.spark.util.Utils$.logUncaughtExceptions(Utils.scala:1928)","logger":"task.stderr"}
{"timestamp":"2026-08-17T19:16:28.559594Z","level":"error","event":"\tat org.apache.spark.Heartbeater$$anon$1.run(Heartbeater.scala:46)","logger":"task.stderr"}
{"timestamp":"2026-08-17T19:16:28.566331Z","level":"error","event":"\tat java.base/java.util.concurrent.Executors$RunnableAdapter.call(Executors.java:539)","logger":"task.stderr"}
{"timestamp":"2026-08-17T19:16:28.577559Z","level":"error","event":"\tat java.base/java.util.concurrent.FutureTask.runAndReset(FutureTask.java:305)","logger":"task.stderr"}
{"timestamp":"2026-08-17T19:16:28.579669Z","level":"error","event":"\tat java.base/java.util.concurrent.ScheduledThreadPoolExecutor$ScheduledFutureTask.run(ScheduledThreadPoolExecutor.java:305)","logger":"task.stderr"}
{"timestamp":"2026-08-17T19:16:28.591468Z","level":"error","event":"\tat java.base/java.util.concurrent.ThreadPoolExecutor.runWorker(ThreadPoolExecutor.java:1136)","logger":"task.stderr"}
{"timestamp":"2026-08-17T19:16:28.592638Z","level":"error","event":"\tat java.base/java.util.concurrent.ThreadPoolExecutor$Worker.run(ThreadPoolExecutor.java:635)","logger":"task.stderr"}
{"timestamp":"2026-08-17T19:16:28.594125Z","level":"error","event":"\tat java.base/java.lang.Thread.run(Thread.java:840)","logger":"task.stderr"}
{"timestamp":"2026-08-17T19:16:28.612242Z","level":"error","event":"Caused by: org.apache.spark.SparkException: Exception thrown in awaitResult:","logger":"task.stderr"}
{"timestamp":"2026-08-17T19:16:28.618761Z","level":"error","event":"\tat org.apache.spark.util.SparkThreadUtils$.awaitResult(SparkThreadUtils.scala:56)","logger":"task.stderr"}
{"timestamp":"2026-08-17T19:16:28.651831Z","level":"error","event":"\tat org.apache.spark.util.ThreadUtils$.awaitResult(ThreadUtils.scala:310)","logger":"task.stderr"}
{"timestamp":"2026-08-17T19:16:28.674378Z","level":"error","event":"\tat org.apache.spark.rpc.RpcTimeout.awaitResult(RpcTimeout.scala:75)","logger":"task.stderr"}
{"timestamp":"2026-08-17T19:16:28.675989Z","level":"error","event":"\tat org.apache.spark.rpc.RpcEnv.setupEndpointRefByURI(RpcEnv.scala:102)","logger":"task.stderr"}
{"timestamp":"2026-08-17T19:16:28.677683Z","level":"error","event":"\tat org.apache.spark.rpc.RpcEnv.setupEndpointRef(RpcEnv.scala:110)","logger":"task.stderr"}
{"timestamp":"2026-08-17T19:16:28.679734Z","level":"error","event":"\tat org.apache.spark.util.RpcUtils$.makeDriverRef(RpcUtils.scala:36)","logger":"task.stderr"}
{"timestamp":"2026-08-17T19:16:28.681563Z","level":"error","event":"\tat org.apache.spark.storage.BlockManagerMasterEndpoint.driverEndpoint$lzycompute(BlockManagerMasterEndpoint.scala:124)","logger":"task.stderr"}
{"timestamp":"2026-08-17T19:16:28.737387Z","level":"error","event":"\tat org.apache.spark.storage.BlockManagerMasterEndpoint.org$apache$spark$storage$BlockManagerMasterEndpoint$$driverEndpoint(BlockManagerMasterEndpoint.scala:123)","logger":"task.stderr"}
{"timestamp":"2026-08-17T19:16:28.822136Z","level":"error","event":"\tat org.apache.spark.storage.BlockManagerMasterEndpoint.isExecutorAlive$lzycompute$1(BlockManagerMasterEndpoint.scala:688)","logger":"task.stderr"}
{"timestamp":"2026-08-17T19:16:28.842516Z","level":"error","event":"\tat org.apache.spark.storage.BlockManagerMasterEndpoint.isExecutorAlive$1(BlockManagerMasterEndpoint.scala:687)","logger":"task.stderr"}
{"timestamp":"2026-08-17T19:16:28.858591Z","level":"error","event":"\tat org.apache.spark.storage.BlockManagerMasterEndpoint.org$apache$spark$storage$BlockManagerMasterEndpoint$$register(BlockManagerMasterEndpoint.scala:725)","logger":"task.stderr"}
{"timestamp":"2026-08-17T19:16:28.860305Z","level":"error","event":"\tat org.apache.spark.storage.BlockManagerMasterEndpoint$$anonfun$receiveAndReply$1.applyOrElse(BlockManagerMasterEndpoint.scala:133)","logger":"task.stderr"}
{"timestamp":"2026-08-17T19:16:28.873064Z","level":"error","event":"\tat org.apache.spark.rpc.netty.Inbox.$anonfun$process$1(Inbox.scala:103)","logger":"task.stderr"}
{"timestamp":"2026-08-17T19:16:28.874640Z","level":"error","event":"\tat org.apache.spark.rpc.netty.Inbox.safelyCall(Inbox.scala:213)","logger":"task.stderr"}
{"timestamp":"2026-08-17T19:16:28.882560Z","level":"error","event":"\tat org.apache.spark.rpc.netty.Inbox.process(Inbox.scala:100)","logger":"task.stderr"}
{"timestamp":"2026-08-17T19:16:28.883880Z","level":"error","event":"\tat org.apache.spark.rpc.netty.MessageLoop.org$apache$spark$rpc$netty$MessageLoop$$receiveLoop(MessageLoop.scala:75)","logger":"task.stderr"}
{"timestamp":"2026-08-17T19:16:28.893487Z","level":"error","event":"\tat org.apache.spark.rpc.netty.MessageLoop$$anon$1.run(MessageLoop.scala:41)","logger":"task.stderr"}
{"timestamp":"2026-08-17T19:16:28.923894Z","level":"error","event":"\t... 3 more","logger":"task.stderr"}
{"timestamp":"2026-08-17T19:16:28.937186Z","level":"error","event":"Caused by: org.apache.spark.rpc.RpcEndpointNotFoundException: Cannot find endpoint: spark://CoarseGrainedScheduler@12d51eab4c36:44563","logger":"task.stderr"}
{"timestamp":"2026-08-17T19:16:28.968963Z","level":"error","event":"\tat org.apache.spark.rpc.netty.NettyRpcEnv.$anonfun$asyncSetupEndpointRefByURI$1(NettyRpcEnv.scala:148)","logger":"task.stderr"}
{"timestamp":"2026-08-17T19:16:28.995987Z","level":"error","event":"\tat org.apache.spark.rpc.netty.NettyRpcEnv.$anonfun$asyncSetupEndpointRefByURI$1$adapted(NettyRpcEnv.scala:144)","logger":"task.stderr"}
{"timestamp":"2026-08-17T19:16:29.008454Z","level":"error","event":"\tat scala.concurrent.Future.$anonfun$flatMap$1(Future.scala:307)","logger":"task.stderr"}
{"timestamp":"2026-08-17T19:16:29.011803Z","level":"error","event":"\tat scala.concurrent.impl.Promise.$anonfun$transformWith$1(Promise.scala:41)","logger":"task.stderr"}
{"timestamp":"2026-08-17T19:16:29.023416Z","level":"error","event":"\tat scala.concurrent.impl.CallbackRunnable.run(Promise.scala:64)","logger":"task.stderr"}
{"timestamp":"2026-08-17T19:16:29.042751Z","level":"error","event":"\tat org.apache.spark.util.ThreadUtils$$anon$1.execute(ThreadUtils.scala:99)","logger":"task.stderr"}
{"timestamp":"2026-08-17T19:16:29.063009Z","level":"error","event":"\tat scala.concurrent.impl.ExecutionContextImpl$$anon$4.execute(ExecutionContextImpl.scala:138)","logger":"task.stderr"}
{"timestamp":"2026-08-17T19:16:29.088208Z","level":"error","event":"\tat scala.concurrent.impl.CallbackRunnable.executeWithValue(Promise.scala:72)","logger":"task.stderr"}
{"timestamp":"2026-08-17T19:16:29.095230Z","level":"error","event":"\tat scala.concurrent.impl.Promise$DefaultPromise.$anonfun$tryComplete$1(Promise.scala:288)","logger":"task.stderr"}
{"timestamp":"2026-08-17T19:16:29.103775Z","level":"error","event":"\tat scala.concurrent.impl.Promise$DefaultPromise.$anonfun$tryComplete$1$adapted(Promise.scala:288)","logger":"task.stderr"}
{"timestamp":"2026-08-17T19:16:29.128700Z","level":"error","event":"\tat scala.concurrent.impl.Promise$DefaultPromise.tryComplete(Promise.scala:288)","logger":"task.stderr"}
{"timestamp":"2026-08-17T19:16:29.135998Z","level":"error","event":"\tat scala.concurrent.Promise.complete(Promise.scala:53)","logger":"task.stderr"}
{"timestamp":"2026-08-17T19:16:29.143518Z","level":"error","event":"\tat scala.concurrent.Promise.complete$(Promise.scala:52)","logger":"task.stderr"}
{"timestamp":"2026-08-17T19:16:29.155065Z","level":"error","event":"\tat scala.concurrent.impl.Promise$DefaultPromise.complete(Promise.scala:187)","logger":"task.stderr"}
{"timestamp":"2026-08-17T19:16:29.162114Z","level":"error","event":"\tat scala.concurrent.impl.Promise.$anonfun$transform$1(Promise.scala:33)","logger":"task.stderr"}
{"timestamp":"2026-08-17T19:16:29.168868Z","level":"error","event":"\tat scala.concurrent.impl.CallbackRunnable.run(Promise.scala:64)","logger":"task.stderr"}
{"timestamp":"2026-08-17T19:16:29.213222Z","level":"error","event":"\tat org.apache.spark.util.ThreadUtils$$anon$1.execute(ThreadUtils.scala:99)","logger":"task.stderr"}
{"timestamp":"2026-08-17T19:16:29.233095Z","level":"error","event":"\tat scala.concurrent.impl.ExecutionContextImpl$$anon$4.execute(ExecutionContextImpl.scala:138)","logger":"task.stderr"}
{"timestamp":"2026-08-17T19:16:29.235277Z","level":"error","event":"\tat scala.concurrent.impl.CallbackRunnable.executeWithValue(Promise.scala:72)","logger":"task.stderr"}
{"timestamp":"2026-08-17T19:16:29.253272Z","level":"error","event":"\tat scala.concurrent.impl.Promise$DefaultPromise.$anonfun$tryComplete$1(Promise.scala:288)","logger":"task.stderr"}
{"timestamp":"2026-08-17T19:16:29.284496Z","level":"error","event":"\tat scala.concurrent.impl.Promise$DefaultPromise.$anonfun$tryComplete$1$adapted(Promise.scala:288)","logger":"task.stderr"}
{"timestamp":"2026-08-17T19:16:29.326523Z","level":"error","event":"\tat scala.concurrent.impl.Promise$DefaultPromise.tryComplete(Promise.scala:288)","logger":"task.stderr"}
{"timestamp":"2026-08-17T19:16:29.328346Z","level":"error","event":"\tat scala.concurrent.Promise.complete(Promise.scala:53)","logger":"task.stderr"}
{"timestamp":"2026-08-17T19:16:29.341173Z","level":"error","event":"\tat scala.concurrent.Promise.complete$(Promise.scala:52)","logger":"task.stderr"}
{"timestamp":"2026-08-17T19:16:29.347834Z","level":"error","event":"\tat scala.concurrent.impl.Promise$DefaultPromise.complete(Promise.scala:187)","logger":"task.stderr"}
{"timestamp":"2026-08-17T19:16:29.355374Z","level":"error","event":"\tat scala.concurrent.impl.Promise.$anonfun$transform$1(Promise.scala:33)","logger":"task.stderr"}
{"timestamp":"2026-08-17T19:16:29.361210Z","level":"error","event":"\tat scala.concurrent.impl.CallbackRunnable.run(Promise.scala:64)","logger":"task.stderr"}
{"timestamp":"2026-08-17T19:16:29.366772Z","level":"error","event":"\tat scala.concurrent.BatchingExecutor$Batch.processBatch$1(BatchingExecutor.scala:67)","logger":"task.stderr"}
{"timestamp":"2026-08-17T19:16:29.368141Z","level":"error","event":"\tat scala.concurrent.BatchingExecutor$Batch.$anonfun$run$1(BatchingExecutor.scala:82)","logger":"task.stderr"}
{"timestamp":"2026-08-17T19:16:29.379371Z","level":"error","event":"\tat scala.runtime.java8.JFunction0$mcV$sp.apply(JFunction0$mcV$sp.java:23)","logger":"task.stderr"}
{"timestamp":"2026-08-17T19:16:29.392919Z","level":"error","event":"\tat scala.concurrent.BlockContext$.withBlockContext(BlockContext.scala:85)","logger":"task.stderr"}
{"timestamp":"2026-08-17T19:16:29.406458Z","level":"error","event":"\tat scala.concurrent.BatchingExecutor$Batch.run(BatchingExecutor.scala:59)","logger":"task.stderr"}
{"timestamp":"2026-08-17T19:16:29.418818Z","level":"error","event":"\tat scala.concurrent.Future$InternalCallbackExecutor$.unbatchedExecute(Future.scala:875)","logger":"task.stderr"}
{"timestamp":"2026-08-17T19:16:29.430497Z","level":"error","event":"\tat scala.concurrent.BatchingExecutor.execute(BatchingExecutor.scala:110)","logger":"task.stderr"}
{"timestamp":"2026-08-17T19:16:29.437496Z","level":"error","event":"\tat scala.concurrent.BatchingExecutor.execute$(BatchingExecutor.scala:107)","logger":"task.stderr"}
{"timestamp":"2026-08-17T19:16:29.444955Z","level":"error","event":"\tat scala.concurrent.Future$InternalCallbackExecutor$.execute(Future.scala:873)","logger":"task.stderr"}
{"timestamp":"2026-08-17T19:16:29.534727Z","level":"error","event":"\tat scala.concurrent.impl.CallbackRunnable.executeWithValue(Promise.scala:72)","logger":"task.stderr"}
{"timestamp":"2026-08-17T19:16:29.547420Z","level":"error","event":"\tat scala.concurrent.impl.Promise$DefaultPromise.$anonfun$tryComplete$1(Promise.scala:288)","logger":"task.stderr"}
{"timestamp":"2026-08-17T19:16:29.556912Z","level":"error","event":"\tat scala.concurrent.impl.Promise$DefaultPromise.$anonfun$tryComplete$1$adapted(Promise.scala:288)","logger":"task.stderr"}
{"timestamp":"2026-08-17T19:16:29.594234Z","level":"error","event":"\tat scala.concurrent.impl.Promise$DefaultPromise.tryComplete(Promise.scala:288)","logger":"task.stderr"}
{"timestamp":"2026-08-17T19:16:29.633455Z","level":"error","event":"\tat scala.concurrent.Promise.trySuccess(Promise.scala:94)","logger":"task.stderr"}
{"timestamp":"2026-08-17T19:16:29.667930Z","level":"error","event":"\tat scala.concurrent.Promise.trySuccess$(Promise.scala:94)","logger":"task.stderr"}
{"timestamp":"2026-08-17T19:16:29.669420Z","level":"error","event":"\tat scala.concurrent.impl.Promise$DefaultPromise.trySuccess(Promise.scala:187)","logger":"task.stderr"}
{"timestamp":"2026-08-17T19:16:29.678259Z","level":"error","event":"\tat org.apache.spark.rpc.netty.NettyRpcEnv.onSuccess$1(NettyRpcEnv.scala:225)","logger":"task.stderr"}
{"timestamp":"2026-08-17T19:16:29.686837Z","level":"error","event":"\tat org.apache.spark.rpc.netty.NettyRpcEnv.$anonfun$askAbortable$5(NettyRpcEnv.scala:239)","logger":"task.stderr"}
{"timestamp":"2026-08-17T19:16:29.731148Z","level":"error","event":"\tat org.apache.spark.rpc.netty.NettyRpcEnv.$anonfun$askAbortable$5$adapted(NettyRpcEnv.scala:238)","logger":"task.stderr"}
{"timestamp":"2026-08-17T19:16:29.761848Z","level":"error","event":"\tat scala.concurrent.impl.CallbackRunnable.run(Promise.scala:64)","logger":"task.stderr"}
{"timestamp":"2026-08-17T19:16:29.781102Z","level":"error","event":"\tat org.apache.spark.util.ThreadUtils$$anon$1.execute(ThreadUtils.scala:99)","logger":"task.stderr"}
{"timestamp":"2026-08-17T19:16:29.783948Z","level":"error","event":"\tat scala.concurrent.impl.ExecutionContextImpl$$anon$4.execute(ExecutionContextImpl.scala:138)","logger":"task.stderr"}
{"timestamp":"2026-08-17T19:16:29.806622Z","level":"error","event":"\tat scala.concurrent.impl.CallbackRunnable.executeWithValue(Promise.scala:72)","logger":"task.stderr"}
{"timestamp":"2026-08-17T19:16:29.831656Z","level":"error","event":"\tat scala.concurrent.impl.Promise$DefaultPromise.$anonfun$tryComplete$1(Promise.scala:288)","logger":"task.stderr"}
{"timestamp":"2026-08-17T19:16:29.836230Z","level":"error","event":"\tat scala.concurrent.impl.Promise$DefaultPromise.$anonfun$tryComplete$1$adapted(Promise.scala:288)","logger":"task.stderr"}
{"timestamp":"2026-08-17T19:16:29.843014Z","level":"error","event":"\tat scala.concurrent.impl.Promise$DefaultPromise.tryComplete(Promise.scala:288)","logger":"task.stderr"}
{"timestamp":"2026-08-17T19:16:29.852015Z","level":"error","event":"\tat scala.concurrent.Promise.complete(Promise.scala:53)","logger":"task.stderr"}
{"timestamp":"2026-08-17T19:16:29.866559Z","level":"error","event":"\tat scala.concurrent.Promise.complete$(Promise.scala:52)","logger":"task.stderr"}
{"timestamp":"2026-08-17T19:16:29.884526Z","level":"error","event":"\tat scala.concurrent.impl.Promise$DefaultPromise.complete(Promise.scala:187)","logger":"task.stderr"}
{"timestamp":"2026-08-17T19:16:29.893441Z","level":"error","event":"\tat scala.concurrent.Promise.success(Promise.scala:86)","logger":"task.stderr"}
{"timestamp":"2026-08-17T19:16:29.899731Z","level":"error","event":"\tat scala.concurrent.Promise.success$(Promise.scala:86)","logger":"task.stderr"}
{"timestamp":"2026-08-17T19:16:29.902913Z","level":"error","event":"\tat scala.concurrent.impl.Promise$DefaultPromise.success(Promise.scala:187)","logger":"task.stderr"}
{"timestamp":"2026-08-17T19:16:29.913474Z","level":"error","event":"\tat org.apache.spark.rpc.netty.LocalNettyRpcCallContext.send(NettyRpcCallContext.scala:50)","logger":"task.stderr"}
{"timestamp":"2026-08-17T19:16:29.915578Z","level":"error","event":"\tat org.apache.spark.rpc.netty.NettyRpcCallContext.reply(NettyRpcCallContext.scala:32)","logger":"task.stderr"}
{"timestamp":"2026-08-17T19:16:29.925959Z","level":"error","event":"\tat org.apache.spark.rpc.netty.RpcEndpointVerifier$$anonfun$receiveAndReply$1.applyOrElse(RpcEndpointVerifier.scala:31)","logger":"task.stderr"}
{"timestamp":"2026-08-17T19:16:29.933441Z","level":"error","event":"\t... 8 more","logger":"task.stderr"}
{"timestamp":"2026-08-17T19:16:38.757103Z","level":"info","event":"Fetching data for ['AMZN', 'AAPL', 'GOOGL', 'META', 'NFLX'] for the last 20y","logger":"scripts.stock_etl","map_index":-1,"run_id":"manual__2026-08-17T19:14:24.548797+00:00","try_number":1,"dag_id":"stock_etl_dag","ti_id":"01a01125-7cee-7b59-a24d-c2f5d4b0eb07","task_id":"run_stock_etl","filename":"stock_etl.py","lineno":33}
{"timestamp":"2026-08-17T19:16:51.060255Z","level":"error","event":"$AMZN: possibly delisted; no price data found  (period=20y)","logger":"yfinance","filename":"history.py","lineno":307}
{"timestamp":"2026-08-17T19:17:12.345746Z","level":"error","event":"\r[                       0%                       ]\r[*******************   40%                       ]  2 of 5 completed\r[*******************   40%                       ]  2 of 5 completed\r[**********************80%*************          ]  4 of 5 completed\r[*********************100%***********************]  5 of 5 completed","logger":"task.stderr"}
{"timestamp":"2026-08-17T19:17:12.346471Z","level":"error","event":"\n1 Failed download:","logger":"yfinance","map_index":-1,"run_id":"manual__2026-08-17T19:14:24.548797+00:00","try_number":1,"dag_id":"stock_etl_dag","ti_id":"01a01125-7cee-7b59-a24d-c2f5d4b0eb07","task_id":"run_stock_etl","filename":"multi.py","lineno":192}
{"timestamp":"2026-08-17T19:17:12.346921Z","level":"error","event":"['AMZN']: possibly delisted; no price data found  (period=20y)","logger":"yfinance","map_index":-1,"run_id":"manual__2026-08-17T19:14:24.548797+00:00","try_number":1,"dag_id":"stock_etl_dag","ti_id":"01a01125-7cee-7b59-a24d-c2f5d4b0eb07","task_id":"run_stock_etl","filename":"multi.py","lineno":200}
{"timestamp":"2026-08-17T19:17:14.692728Z","level":"warning","event":"The previous implementation of stack is deprecated and will be removed in a future version of pandas. See the What's New notes for pandas 2.1.0 for details. Specify future_stack=True to adopt the new implementation and silence this warning.","category":"FutureWarning","filename":"/opt/airflow/scripts/stock_etl.py","lineno":43,"map_index":-1,"run_id":"manual__2026-08-17T19:14:24.548797+00:00","try_number":1,"dag_id":"stock_etl_dag","ti_id":"01a01125-7cee-7b59-a24d-c2f5d4b0eb07","task_id":"run_stock_etl","logger":"py.warnings"}
{"timestamp":"2026-08-17T19:17:17.142016Z","level":"info","event":"Sucessfully fetched 18671 records.","logger":"scripts.stock_etl","map_index":-1,"run_id":"manual__2026-08-17T19:14:24.548797+00:00","try_number":1,"dag_id":"stock_etl_dag","ti_id":"01a01125-7cee-7b59-a24d-c2f5d4b0eb07","task_id":"run_stock_etl","filename":"stock_etl.py","lineno":55}
{"timestamp":"2026-08-17T19:17:17.142281Z","level":"info","event":"Starting data transformation","logger":"scripts.stock_etl","map_index":-1,"run_id":"manual__2026-08-17T19:14:24.548797+00:00","try_number":1,"dag_id":"stock_etl_dag","ti_id":"01a01125-7cee-7b59-a24d-c2f5d4b0eb07","task_id":"run_stock_etl","filename":"stock_etl.py","lineno":64}
{"timestamp":"2026-08-17T19:17:53.308830Z","level":"info","event":"Data transformation completed successfully","logger":"scripts.stock_etl","map_index":-1,"run_id":"manual__2026-08-17T19:14:24.548797+00:00","try_number":1,"dag_id":"stock_etl_dag","ti_id":"01a01125-7cee-7b59-a24d-c2f5d4b0eb07","task_id":"run_stock_etl","filename":"stock_etl.py","lineno":119}
{"timestamp":"2026-08-17T19:17:53.309352Z","level":"info","event":"Loadin data to PostGreSQL table stock_etl","logger":"scripts.stock_etl","map_index":-1,"run_id":"manual__2026-08-17T19:14:24.548797+00:00","try_number":1,"dag_id":"stock_etl_dag","ti_id":"01a01125-7cee-7b59-a24d-c2f5d4b0eb07","task_id":"run_stock_etl","filename":"stock_etl.py","lineno":124}
{"timestamp":"2026-08-17T19:17:58.639889Z","level":"error","event":"Error loading data to PostgreSQL: Column adj close not found in schema Some(StructType(StructField(date,TimestampType,true),StructField(company,StringType,true),StructField(open_price,DoubleType,true),StructField(high_price,DoubleType,true),StructField(low_price,DoubleType,true),StructField(close_price,DoubleType,true),StructField(volume,DoubleType,true),StructField(previous_close,DoubleType,true),StructField(daily_return_pct,DoubleType,true),StructField(daily_range,DoubleType,true),StructField(daily_range_pct,DoubleType,true),StructField(gap_pct,DoubleType,true),StructField(mov_avg_14d,DoubleType,true),StructField(volatility_7d,DoubleType,true),StructField(avg_volume_7d,DoubleType,true),StructField(volume_ratio,DoubleType,true),StructField(sector_avg_return,DoubleType,true),StructField(relative_performance,DoubleType,true),StructField(cumulative_return,DoubleType,true))).","logger":"scripts.stock_etl","map_index":-1,"run_id":"manual__2026-08-17T19:14:24.548797+00:00","try_number":1,"dag_id":"stock_etl_dag","ti_id":"01a01125-7cee-7b59-a24d-c2f5d4b0eb07","task_id":"run_stock_etl","filename":"stock_etl.py","lineno":141}
{"timestamp":"2026-08-17T19:17:58.650558Z","level":"error","event":"ETL process failed: Column adj close not found in schema Some(StructType(StructField(date,TimestampType,true),StructField(company,StringType,true),StructField(open_price,DoubleType,true),StructField(high_price,DoubleType,true),StructField(low_price,DoubleType,true),StructField(close_price,DoubleType,true),StructField(volume,DoubleType,true),StructField(previous_close,DoubleType,true),StructField(daily_return_pct,DoubleType,true),StructField(daily_range,DoubleType,true),StructField(daily_range_pct,DoubleType,true),StructField(gap_pct,DoubleType,true),StructField(mov_avg_14d,DoubleType,true),StructField(volatility_7d,DoubleType,true),StructField(avg_volume_7d,DoubleType,true),StructField(volume_ratio,DoubleType,true),StructField(sector_avg_return,DoubleType,true),StructField(relative_performance,DoubleType,true),StructField(cumulative_return,DoubleType,true))).","logger":"scripts.stock_etl","map_index":-1,"run_id":"manual__2026-08-17T19:14:24.548797+00:00","try_number":1,"dag_id":"stock_etl_dag","ti_id":"01a01125-7cee-7b59-a24d-c2f5d4b0eb07","task_id":"run_stock_etl","filename":"stock_etl.py","lineno":169}
{"timestamp":"2026-08-17T19:17:59.446305Z","level":"info","event":"Spark session stopped","logger":"scripts.stock_etl","map_index":-1,"run_id":"manual__2026-08-17T19:14:24.548797+00:00","try_number":1,"dag_id":"stock_etl_dag","ti_id":"01a01125-7cee-7b59-a24d-c2f5d4b0eb07","task_id":"run_stock_etl","filename":"stock_etl.py","lineno":174}
{"timestamp":"2026-08-17T19:17:59.457724Z","level":"error","event":"Task failed with exception","map_index":-1,"run_id":"manual__2026-08-17T19:14:24.548797+00:00","try_number":1,"dag_id":"stock_etl_dag","ti_id":"01a01125-7cee-7b59-a24d-c2f5d4b0eb07","task_id":"run_stock_etl","logger":"task","filename":"task_runner.py","lineno":1673,"error_detail":[{"exc_type":"AnalysisException","exc_value":"Column adj close not found in schema Some(StructType(StructField(date,TimestampType,true),StructField(company,StringType,true),StructField(open_price,DoubleType,true),StructField(high_price,DoubleType,true),StructField(low_price,DoubleType,true),StructField(close_price,DoubleType,true),StructField(volume,DoubleType,true),StructField(previous_close,DoubleType,true),StructField(daily_return_pct,DoubleType,true),StructField(daily_range,DoubleType,true),StructField(daily_range_pct,DoubleType,true),StructField(gap_pct,DoubleType,true),StructField(mov_avg_14d,DoubleType,true),StructField(volatility_7d,DoubleType,true),StructField(avg_volume_7d,DoubleType,true),StructField(volume_ratio,DoubleType,true),StructField(sector_avg_return,DoubleType,true),StructField(relative_performance,DoubleType,true),StructField(cumulative_return,DoubleType,true))).","exc_notes":[],"syntax_error":null,"is_cause":false,"frames":[{"filename":"/home/airflow/.local/lib/python3.13/site-packages/airflow/sdk/execution_time/task_runner.py","lineno":1576,"name":"run"},{"filename":"/home/airflow/.local/lib/python3.13/site-packages/airflow/sdk/execution_time/task_runner.py","lineno":189,"name":"wrapper"},{"filename":"/home/airflow/.local/lib/python3.13/site-packages/airflow/sdk/execution_time/task_runner.py","lineno":2125,"name":"_execute_task"},{"filename":"/home/airflow/.local/lib/python3.13/site-packages/airflow/sdk/bases/operator.py","lineno":445,"name":"wrapper"},{"filename":"/home/airflow/.local/lib/python3.13/site-packages/airflow/providers/standard/operators/python.py","lineno":231,"name":"execute"},{"filename":"/home/airflow/.local/lib/python3.13/site-packages/airflow/providers/standard/operators/python.py","lineno":254,"name":"execute_callable"},{"filename":"/home/airflow/.local/lib/python3.13/site-packages/airflow/sdk/execution_time/callback_runner.py","lineno":97,"name":"run"},{"filename":"/opt/airflow/scripts/stock_etl.py","lineno":155,"name":"run_stock_etl"},{"filename":"/opt/airflow/scripts/stock_etl.py","lineno":133,"name":"load_to_postgres"},{"filename":"/home/airflow/.local/lib/python3.13/site-packages/pyspark/sql/readwriter.py","lineno":1984,"name":"jdbc"},{"filename":"/home/airflow/.local/lib/python3.13/site-packages/py4j/java_gateway.py","lineno":1322,"name":"__call__"},{"filename":"/home/airflow/.local/lib/python3.13/site-packages/pyspark/errors/exceptions/captured.py","lineno":185,"name":"deco"}],"is_group":false,"exceptions":[]}]}
{"timestamp":"2026-08-17T19:17:59.485155Z","level":"info","event":"::group::Post Execute","map_index":-1,"run_id":"manual__2026-08-17T19:14:24.548797+00:00","try_number":1,"dag_id":"stock_etl_dag","ti_id":"01a01125-7cee-7b59-a24d-c2f5d4b0eb07","task_id":"run_stock_etl","logger":"task","filename":"task_runner.py","lineno":1674}
{"timestamp":"2026-08-17T19:17:59.907551Z","level":"info","event":"::endgroup::","map_index":-1,"run_id":"manual__2026-08-17T19:14:24.548797+00:00","try_number":1,"dag_id":"stock_etl_dag","ti_id":"01a01125-7cee-7b59-a24d-c2f5d4b0eb07","task_id":"run_stock_etl","logger":"task","filename":"task_runner.py","lineno":2270}
