{"timestamp":"2026-08-17T19:18:48.642225Z","level":"info","event":"::group::Pre Execute","logger":"task","filename":"task_runner.py","lineno":2303}
{"timestamp":"2026-08-17T19:18:48.681014Z","level":"info","event":"DAG bundles loaded: dags-folder","map_index":-1,"try_number":2,"dag_id":"stock_etl_dag","run_id":"manual__2026-08-17T19:14:24.548797+00:00","ti_id":"01a01129-763e-7842-b55e-878f08b4b93b","task_id":"run_stock_etl","logger":"airflow.dag_processing.bundles.manager.DagBundlesManager","filename":"manager.py","lineno":271}
{"timestamp":"2026-08-17T19:18:48.692729Z","level":"info","event":"Filling up the DagBag from /opt/airflow/dags/stocks_etl_dag.py","map_index":-1,"try_number":2,"dag_id":"stock_etl_dag","run_id":"manual__2026-08-17T19:14:24.548797+00:00","ti_id":"01a01129-763e-7842-b55e-878f08b4b93b","task_id":"run_stock_etl","logger":"airflow.dag_processing.dagbag.BundleDagBag","filename":"dagbag.py","lineno":460}
{"timestamp":"2026-08-17T19:18:54.190000Z","level":"info","event":"Pyspark imported, version: 3.5.2","logger":"unusual_prefix_377e48747e3957bb035dd88b74b86ec1d0ec8c25_stocks_etl_dag","map_index":-1,"try_number":2,"dag_id":"stock_etl_dag","run_id":"manual__2026-08-17T19:14:24.548797+00:00","ti_id":"01a01129-763e-7842-b55e-878f08b4b93b","task_id":"run_stock_etl","filename":"stocks_etl_dag.py","lineno":24}
{"timestamp":"2026-08-17T19:18:54.204943Z","level":"info","event":"ETL function imported succesfully!","logger":"unusual_prefix_377e48747e3957bb035dd88b74b86ec1d0ec8c25_stocks_etl_dag","map_index":-1,"try_number":2,"dag_id":"stock_etl_dag","run_id":"manual__2026-08-17T19:14:24.548797+00:00","ti_id":"01a01129-763e-7842-b55e-878f08b4b93b","task_id":"run_stock_etl","filename":"stocks_etl_dag.py","lineno":31}
{"timestamp":"2026-08-17T19:18:54.232669Z","level":"info","event":"DAG loaded sucessfully!","logger":"unusual_prefix_377e48747e3957bb035dd88b74b86ec1d0ec8c25_stocks_etl_dag","map_index":-1,"try_number":2,"dag_id":"stock_etl_dag","run_id":"manual__2026-08-17T19:14:24.548797+00:00","ti_id":"01a01129-763e-7842-b55e-878f08b4b93b","task_id":"run_stock_etl","filename":"stocks_etl_dag.py","lineno":96}
{"timestamp":"2026-08-17T19:18:54.237950Z","level":"info","event":"Worker startup parse complete","bundle_name":"dags-folder","bundle_version":null,"dag_file":"stocks_etl_dag.py","dag_id":"stock_etl_dag","bundle_prepare_ms":29,"dag_file_parse_ms":5549,"map_index":-1,"try_number":2,"run_id":"manual__2026-08-17T19:14:24.548797+00:00","ti_id":"01a01129-763e-7842-b55e-878f08b4b93b","task_id":"run_stock_etl","logger":"task","filename":"task_runner.py","lineno":1062}
{"timestamp":"2026-08-17T19:18:54.362192Z","level":"info","event":"::endgroup::","map_index":-1,"try_number":2,"dag_id":"stock_etl_dag","run_id":"manual__2026-08-17T19:14:24.548797+00:00","ti_id":"01a01129-763e-7842-b55e-878f08b4b93b","task_id":"run_stock_etl","logger":"task","filename":"task_runner.py","lineno":2107}
{"timestamp":"2026-08-17T19:18:54.365032Z","level":"info","event":"Starting ETL process","logger":"scripts.stock_etl","map_index":-1,"try_number":2,"dag_id":"stock_etl_dag","run_id":"manual__2026-08-17T19:14:24.548797+00:00","ti_id":"01a01129-763e-7842-b55e-878f08b4b93b","task_id":"run_stock_etl","filename":"stock_etl.py","lineno":146}
{"timestamp":"2026-08-17T19:19:10.531988Z","level":"info","event":":: loading settings :: url = jar:file:/home/airflow/.local/lib/python3.13/site-packages/pyspark/jars/ivy-2.5.1.jar!/org/apache/ivy/core/settings/ivysettings.xml","logger":"task.stdout"}
{"timestamp":"2026-08-17T19:19:10.921394Z","level":"error","event":"Ivy Default Cache set to: /home/airflow/.ivy2/cache","logger":"task.stderr"}
{"timestamp":"2026-08-17T19:19:10.923043Z","level":"error","event":"The jars for the packages stored in: /home/airflow/.ivy2/jars","logger":"task.stderr"}
{"timestamp":"2026-08-17T19:19:10.927837Z","level":"error","event":"org.postgresql#postgresql added as a dependency","logger":"task.stderr"}
{"timestamp":"2026-08-17T19:19:10.929957Z","level":"error","event":":: resolving dependencies :: org.apache.spark#spark-submit-parent-8debb079-057d-48a6-9a60-890c73bb8a50;1.0","logger":"task.stderr"}
{"timestamp":"2026-08-17T19:19:10.930934Z","level":"error","event":"\tconfs: [default]","logger":"task.stderr"}
{"timestamp":"2026-08-17T19:19:11.211047Z","level":"error","event":"\tfound org.postgresql#postgresql;42.7.12 in central","logger":"task.stderr"}
{"timestamp":"2026-08-17T19:19:11.240423Z","level":"error","event":":: resolution report :: resolve 307ms :: artifacts dl 4ms","logger":"task.stderr"}
{"timestamp":"2026-08-17T19:19:11.244463Z","level":"error","event":"\t:: modules in use:","logger":"task.stderr"}
{"timestamp":"2026-08-17T19:19:11.253067Z","level":"error","event":"\torg.postgresql#postgresql;42.7.12 from central in [default]","logger":"task.stderr"}
{"timestamp":"2026-08-17T19:19:11.260110Z","level":"error","event":"\t---------------------------------------------------------------------","logger":"task.stderr"}
{"timestamp":"2026-08-17T19:19:11.262855Z","level":"error","event":"\t|                  |            modules            ||   artifacts   |","logger":"task.stderr"}
{"timestamp":"2026-08-17T19:19:11.266376Z","level":"error","event":"\t|       conf       | number| search|dwnlded|evicted|| number|dwnlded|","logger":"task.stderr"}
{"timestamp":"2026-08-17T19:19:11.268593Z","level":"error","event":"\t---------------------------------------------------------------------","logger":"task.stderr"}
{"timestamp":"2026-08-17T19:19:11.270854Z","level":"error","event":"\t|      default     |   1   |   0   |   0   |   0   ||   1   |   0   |","logger":"task.stderr"}
{"timestamp":"2026-08-17T19:19:11.272856Z","level":"error","event":"\t---------------------------------------------------------------------","logger":"task.stderr"}
{"timestamp":"2026-08-17T19:19:11.274587Z","level":"error","event":":: retrieving :: org.apache.spark#spark-submit-parent-8debb079-057d-48a6-9a60-890c73bb8a50","logger":"task.stderr"}
{"timestamp":"2026-08-17T19:19:11.276682Z","level":"error","event":"\tconfs: [default]","logger":"task.stderr"}
{"timestamp":"2026-08-17T19:19:11.278328Z","level":"error","event":"\t0 artifacts copied, 1 already retrieved (0kB/22ms)","logger":"task.stderr"}
{"timestamp":"2026-08-17T19:19:12.219734Z","level":"error","event":"26/08/17 19:19:12 WARN NativeCodeLoader: Unable to load native-hadoop library for your platform... using builtin-java classes where applicable","logger":"task.stderr"}
{"timestamp":"2026-08-17T19:19:12.606706Z","level":"error","event":"Setting default log level to \"WARN\".","logger":"task.stderr"}
{"timestamp":"2026-08-17T19:19:12.608829Z","level":"error","event":"To adjust logging level use sc.setLogLevel(newLevel). For SparkR, use setLogLevel(newLevel).","logger":"task.stderr"}
{"timestamp":"2026-08-17T19:19:15.157263Z","level":"info","event":"Fetching data for ['AMZN', 'AAPL', 'GOOGL', 'META', 'NFLX'] for the last 20y","logger":"scripts.stock_etl","map_index":-1,"try_number":2,"dag_id":"stock_etl_dag","run_id":"manual__2026-08-17T19:14:24.548797+00:00","ti_id":"01a01129-763e-7842-b55e-878f08b4b93b","task_id":"run_stock_etl","filename":"stock_etl.py","lineno":33}
{"timestamp":"2026-08-17T19:19:18.425865Z","level":"error","event":"\r[                       0%                       ]\r[*******************   40%                       ]  2 of 5 completed\r[**********************60%****                   ]  3 of 5 completed\r[**********************80%*************          ]  4 of 5 completed\r[*********************100%***********************]  5 of 5 completed","logger":"task.stderr"}
{"timestamp":"2026-08-17T19:19:18.443559Z","level":"warning","event":"The previous implementation of stack is deprecated and will be removed in a future version of pandas. See the What's New notes for pandas 2.1.0 for details. Specify future_stack=True to adopt the new implementation and silence this warning.","category":"FutureWarning","filename":"/opt/airflow/scripts/stock_etl.py","lineno":43,"map_index":-1,"try_number":2,"dag_id":"stock_etl_dag","run_id":"manual__2026-08-17T19:14:24.548797+00:00","ti_id":"01a01129-763e-7842-b55e-878f08b4b93b","task_id":"run_stock_etl","logger":"py.warnings"}
{"timestamp":"2026-08-17T19:19:18.462789Z","level":"info","event":"Sucessfully fetched 23701 records.","logger":"scripts.stock_etl","map_index":-1,"try_number":2,"dag_id":"stock_etl_dag","run_id":"manual__2026-08-17T19:14:24.548797+00:00","ti_id":"01a01129-763e-7842-b55e-878f08b4b93b","task_id":"run_stock_etl","filename":"stock_etl.py","lineno":55}
{"timestamp":"2026-08-17T19:19:18.463011Z","level":"info","event":"Starting data transformation","logger":"scripts.stock_etl","map_index":-1,"try_number":2,"dag_id":"stock_etl_dag","run_id":"manual__2026-08-17T19:14:24.548797+00:00","ti_id":"01a01129-763e-7842-b55e-878f08b4b93b","task_id":"run_stock_etl","filename":"stock_etl.py","lineno":64}
{"timestamp":"2026-08-17T19:19:24.618207Z","level":"info","event":"Data transformation completed successfully","logger":"scripts.stock_etl","map_index":-1,"try_number":2,"dag_id":"stock_etl_dag","run_id":"manual__2026-08-17T19:14:24.548797+00:00","ti_id":"01a01129-763e-7842-b55e-878f08b4b93b","task_id":"run_stock_etl","filename":"stock_etl.py","lineno":119}
{"timestamp":"2026-08-17T19:19:24.618492Z","level":"info","event":"Loadin data to PostGreSQL table stock_etl","logger":"scripts.stock_etl","map_index":-1,"try_number":2,"dag_id":"stock_etl_dag","run_id":"manual__2026-08-17T19:14:24.548797+00:00","ti_id":"01a01129-763e-7842-b55e-878f08b4b93b","task_id":"run_stock_etl","filename":"stock_etl.py","lineno":124}
{"timestamp":"2026-08-17T19:19:25.926643Z","level":"error","event":"26/08/17 19:19:25 WARN WindowExec: No Partition Defined for Window operation! Moving all data to a single partition, this can cause serious performance degradation.","logger":"task.stderr"}
{"timestamp":"2026-08-17T19:19:25.985850Z","level":"error","event":"26/08/17 19:19:25 WARN WindowExec: No Partition Defined for Window operation! Moving all data to a single partition, this can cause serious performance degradation.","logger":"task.stderr"}
{"timestamp":"2026-08-17T19:19:26.013607Z","level":"error","event":"26/08/17 19:19:26 WARN SparkStringUtils: Truncated the string representation of a plan since it was too large. This behavior can be adjusted by setting 'spark.sql.debug.maxToStringFields'.","logger":"task.stderr"}
{"timestamp":"2026-08-17T19:19:30.161642Z","level":"error","event":"\r[Stage 0:>                                                          (0 + 0) / 4]\r\r[Stage 0:>                                                          (0 + 4) / 4]\r26/08/17 19:19:30 WARN WindowExec: No Partition Defined for Window operation! Moving all data to a single partition, this can cause serious performance degradation.","logger":"task.stderr"}
{"timestamp":"2026-08-17T19:19:30.232177Z","level":"error","event":"26/08/17 19:19:30 WARN WindowExec: No Partition Defined for Window operation! Moving all data to a single partition, this can cause serious performance degradation.","logger":"task.stderr"}
{"timestamp":"2026-08-17T19:19:40.273958Z","level":"info","event":"Succesfully loaded 23701 records to table stock_etl","logger":"scripts.stock_etl","map_index":-1,"try_number":2,"dag_id":"stock_etl_dag","run_id":"manual__2026-08-17T19:14:24.548797+00:00","ti_id":"01a01129-763e-7842-b55e-878f08b4b93b","task_id":"run_stock_etl","filename":"stock_etl.py","lineno":139}
{"timestamp":"2026-08-17T19:19:41.733854Z","level":"info","event":"ETF completed succesfully. Loaded 23701 records for ['AMZN', 'AAPL', 'GOOGL', 'META', 'NFLX']","logger":"scripts.stock_etl","map_index":-1,"try_number":2,"dag_id":"stock_etl_dag","run_id":"manual__2026-08-17T19:14:24.548797+00:00","ti_id":"01a01129-763e-7842-b55e-878f08b4b93b","task_id":"run_stock_etl","filename":"stock_etl.py","lineno":159}
{"timestamp":"2026-08-17T19:19:46.479346Z","level":"info","event":"Spark session stopped","logger":"scripts.stock_etl","map_index":-1,"try_number":2,"dag_id":"stock_etl_dag","run_id":"manual__2026-08-17T19:14:24.548797+00:00","ti_id":"01a01129-763e-7842-b55e-878f08b4b93b","task_id":"run_stock_etl","filename":"stock_etl.py","lineno":174}
{"timestamp":"2026-08-17T19:19:46.584585Z","level":"info","event":"Done. Returned value was: {'ticker': ['AMZN', 'AAPL', 'GOOGL', 'META', 'NFLX'], 'records_loaded': 23701, 'start_date': datetime.datetime(2006, 8, 17, 0, 0), 'end_date': datetime.datetime(2026, 8, 17, 0, 0)}","map_index":-1,"try_number":2,"dag_id":"stock_etl_dag","run_id":"manual__2026-08-17T19:14:24.548797+00:00","ti_id":"01a01129-763e-7842-b55e-878f08b4b93b","task_id":"run_stock_etl","logger":"airflow.task.operators.airflow.providers.standard.operators.python.PythonOperator","filename":"python.py","lineno":233}
{"timestamp":"2026-08-17T19:19:46.585193Z","level":"info","event":"::group::Post Execute","map_index":-1,"try_number":2,"dag_id":"stock_etl_dag","run_id":"manual__2026-08-17T19:14:24.548797+00:00","ti_id":"01a01129-763e-7842-b55e-878f08b4b93b","task_id":"run_stock_etl","logger":"task","filename":"task_runner.py","lineno":1577}
{"timestamp":"2026-08-17T19:19:46.586967Z","level":"info","event":"Pushing xcom","ti":"RuntimeTaskInstance(id=UUID('01a01129-763e-7842-b55e-878f08b4b93b'), task_id='run_stock_etl', dag_id='stock_etl_dag', run_id='manual__2026-08-17T19:14:24.548797+00:00', try_number=2, dag_version_id=UUID('01a01125-e8ca-74a8-826c-70f284a44eb8'), map_index=-1, hostname='12d51eab4c36', context_carrier={'traceparent': '00-90d24b91f05134b662dfffad0462748d-5f331f0fe750e230-00'}, queue='default', task=<Task(PythonOperator): run_stock_etl>, bundle_instance=LocalDagBundle(name=dags-folder), max_tries=3, start_date=datetime.datetime(2026, 8, 17, 19, 18, 48, 566301, tzinfo=datetime.timezone.utc), end_date=None, state=<TaskInstanceState.RUNNING: 'running'>, is_mapped=False, rendered_map_index=None, sentry_integration='')","map_index":-1,"try_number":2,"dag_id":"stock_etl_dag","run_id":"manual__2026-08-17T19:14:24.548797+00:00","ti_id":"01a01129-763e-7842-b55e-878f08b4b93b","task_id":"run_stock_etl","logger":"task","filename":"task_runner.py","lineno":2171}
{"timestamp":"2026-08-17T19:19:47.045846Z","level":"info","event":"::endgroup::","map_index":-1,"try_number":2,"dag_id":"stock_etl_dag","run_id":"manual__2026-08-17T19:14:24.548797+00:00","ti_id":"01a01129-763e-7842-b55e-878f08b4b93b","task_id":"run_stock_etl","logger":"task","filename":"task_runner.py","lineno":2270}
{"timestamp":"2026-08-17T19:19:47.470246Z","level":"error","event":"\r[Stage 2:>                                                          (0 + 1) / 1]\r\r                                                                                \r\r[Stage 6:==============>                                            (1 + 3) / 4]","logger":"task.stderr"}
