{"timestamp":"2026-08-17T06:36:48.179096Z","level":"info","event":"::group::Pre Execute","logger":"task","filename":"task_runner.py","lineno":2303}
{"timestamp":"2026-08-17T06:36:48.212189Z","level":"info","event":"DAG bundles loaded: dags-folder","dag_id":"stock_etl_dag","map_index":-1,"task_id":"run_stock_etl","ti_id":"01a00e6b-401d-7ad3-a519-ac7592dfe959","try_number":13,"run_id":"manual__2026-08-17T06:00:55.803434+00:00","logger":"airflow.dag_processing.bundles.manager.DagBundlesManager","filename":"manager.py","lineno":271}
{"timestamp":"2026-08-17T06:36:48.214617Z","level":"info","event":"Filling up the DagBag from /opt/airflow/dags/stocks_etl_dag.py","dag_id":"stock_etl_dag","map_index":-1,"task_id":"run_stock_etl","ti_id":"01a00e6b-401d-7ad3-a519-ac7592dfe959","try_number":13,"run_id":"manual__2026-08-17T06:00:55.803434+00:00","logger":"airflow.dag_processing.dagbag.BundleDagBag","filename":"dagbag.py","lineno":460}
{"timestamp":"2026-08-17T06:36:49.925384Z","level":"info","event":"Pyspark imported, version: 3.5.2","logger":"unusual_prefix_377e48747e3957bb035dd88b74b86ec1d0ec8c25_stocks_etl_dag","dag_id":"stock_etl_dag","map_index":-1,"task_id":"run_stock_etl","ti_id":"01a00e6b-401d-7ad3-a519-ac7592dfe959","try_number":13,"run_id":"manual__2026-08-17T06:00:55.803434+00:00","filename":"stocks_etl_dag.py","lineno":24}
{"timestamp":"2026-08-17T06:36:49.938602Z","level":"info","event":"ETL function imported succesfully!","logger":"unusual_prefix_377e48747e3957bb035dd88b74b86ec1d0ec8c25_stocks_etl_dag","dag_id":"stock_etl_dag","map_index":-1,"task_id":"run_stock_etl","ti_id":"01a00e6b-401d-7ad3-a519-ac7592dfe959","try_number":13,"run_id":"manual__2026-08-17T06:00:55.803434+00:00","filename":"stocks_etl_dag.py","lineno":31}
{"timestamp":"2026-08-17T06:36:49.942541Z","level":"info","event":"DAG loaded sucessfully!","logger":"unusual_prefix_377e48747e3957bb035dd88b74b86ec1d0ec8c25_stocks_etl_dag","dag_id":"stock_etl_dag","map_index":-1,"task_id":"run_stock_etl","ti_id":"01a00e6b-401d-7ad3-a519-ac7592dfe959","try_number":13,"run_id":"manual__2026-08-17T06:00:55.803434+00:00","filename":"stocks_etl_dag.py","lineno":96}
{"timestamp":"2026-08-17T06:36:49.944224Z","level":"info","event":"Worker startup parse complete","bundle_name":"dags-folder","bundle_version":null,"dag_file":"stocks_etl_dag.py","dag_id":"stock_etl_dag","bundle_prepare_ms":13,"dag_file_parse_ms":1729,"map_index":-1,"task_id":"run_stock_etl","ti_id":"01a00e6b-401d-7ad3-a519-ac7592dfe959","try_number":13,"run_id":"manual__2026-08-17T06:00:55.803434+00:00","logger":"task","filename":"task_runner.py","lineno":1062}
{"timestamp":"2026-08-17T06:36:50.043426Z","level":"info","event":"::endgroup::","dag_id":"stock_etl_dag","map_index":-1,"task_id":"run_stock_etl","ti_id":"01a00e6b-401d-7ad3-a519-ac7592dfe959","try_number":13,"run_id":"manual__2026-08-17T06:00:55.803434+00:00","logger":"task","filename":"task_runner.py","lineno":2107}
{"timestamp":"2026-08-17T06:36:50.045243Z","level":"info","event":"Starting ETL process","logger":"scripts.stock_etl","dag_id":"stock_etl_dag","map_index":-1,"task_id":"run_stock_etl","ti_id":"01a00e6b-401d-7ad3-a519-ac7592dfe959","try_number":13,"run_id":"manual__2026-08-17T06:00:55.803434+00:00","filename":"stock_etl.py","lineno":146}
{"timestamp":"2026-08-17T06:36:53.883432Z","level":"info","event":":: loading settings :: url = jar:file:/home/airflow/.local/lib/python3.13/site-packages/pyspark/jars/ivy-2.5.1.jar!/org/apache/ivy/core/settings/ivysettings.xml","logger":"task.stdout"}
{"timestamp":"2026-08-17T06:36:54.043215Z","level":"error","event":"Ivy Default Cache set to: /home/airflow/.ivy2/cache","logger":"task.stderr"}
{"timestamp":"2026-08-17T06:36:54.047960Z","level":"error","event":"The jars for the packages stored in: /home/airflow/.ivy2/jars","logger":"task.stderr"}
{"timestamp":"2026-08-17T06:36:54.052570Z","level":"error","event":"org.postgresql#postgresql added as a dependency","logger":"task.stderr"}
{"timestamp":"2026-08-17T06:36:54.054913Z","level":"error","event":":: resolving dependencies :: org.apache.spark#spark-submit-parent-bcdf8331-357e-4705-b5da-e5692040dc88;1.0","logger":"task.stderr"}
{"timestamp":"2026-08-17T06:36:54.056744Z","level":"error","event":"\tconfs: [default]","logger":"task.stderr"}
{"timestamp":"2026-08-17T06:36:54.350109Z","level":"error","event":"\tfound org.postgresql#postgresql;42.7.12 in central","logger":"task.stderr"}
{"timestamp":"2026-08-17T06:36:54.383883Z","level":"error","event":":: resolution report :: resolve 324ms :: artifacts dl 5ms","logger":"task.stderr"}
{"timestamp":"2026-08-17T06:36:54.385744Z","level":"error","event":"\t:: modules in use:","logger":"task.stderr"}
{"timestamp":"2026-08-17T06:36:54.395347Z","level":"error","event":"\torg.postgresql#postgresql;42.7.12 from central in [default]","logger":"task.stderr"}
{"timestamp":"2026-08-17T06:36:54.397086Z","level":"error","event":"\t---------------------------------------------------------------------","logger":"task.stderr"}
{"timestamp":"2026-08-17T06:36:54.398376Z","level":"error","event":"\t|                  |            modules            ||   artifacts   |","logger":"task.stderr"}
{"timestamp":"2026-08-17T06:36:54.399593Z","level":"error","event":"\t|       conf       | number| search|dwnlded|evicted|| number|dwnlded|","logger":"task.stderr"}
{"timestamp":"2026-08-17T06:36:54.400630Z","level":"error","event":"\t---------------------------------------------------------------------","logger":"task.stderr"}
{"timestamp":"2026-08-17T06:36:54.401729Z","level":"error","event":"\t|      default     |   1   |   0   |   0   |   0   ||   1   |   0   |","logger":"task.stderr"}
{"timestamp":"2026-08-17T06:36:54.402791Z","level":"error","event":"\t---------------------------------------------------------------------","logger":"task.stderr"}
{"timestamp":"2026-08-17T06:36:54.412931Z","level":"error","event":":: retrieving :: org.apache.spark#spark-submit-parent-bcdf8331-357e-4705-b5da-e5692040dc88","logger":"task.stderr"}
{"timestamp":"2026-08-17T06:36:54.421047Z","level":"error","event":"\tconfs: [default]","logger":"task.stderr"}
{"timestamp":"2026-08-17T06:36:54.423762Z","level":"error","event":"\t0 artifacts copied, 1 already retrieved (0kB/4ms)","logger":"task.stderr"}
{"timestamp":"2026-08-17T06:36:54.963384Z","level":"error","event":"26/08/17 06:36:54 WARN NativeCodeLoader: Unable to load native-hadoop library for your platform... using builtin-java classes where applicable","logger":"task.stderr"}
{"timestamp":"2026-08-17T06:36:55.506714Z","level":"error","event":"Setting default log level to \"WARN\".","logger":"task.stderr"}
{"timestamp":"2026-08-17T06:36:55.508185Z","level":"error","event":"To adjust logging level use sc.setLogLevel(newLevel). For SparkR, use setLogLevel(newLevel).","logger":"task.stderr"}
{"timestamp":"2026-08-17T06:37:01.155542Z","level":"info","event":"Fetching data for ['AMZN', 'AAPL', 'GOOGL', 'META', 'NFLX'] for the last 20y","logger":"scripts.stock_etl","dag_id":"stock_etl_dag","map_index":-1,"task_id":"run_stock_etl","ti_id":"01a00e6b-401d-7ad3-a519-ac7592dfe959","try_number":13,"run_id":"manual__2026-08-17T06:00:55.803434+00:00","filename":"stock_etl.py","lineno":33}
{"timestamp":"2026-08-17T06:37:05.012481Z","level":"error","event":"\r[                       0%                       ]\r[*******************   40%                       ]  2 of 5 completed\r[**********************60%****                   ]  3 of 5 completed\r[**********************80%*************          ]  4 of 5 completed\r[*********************100%***********************]  5 of 5 completed","logger":"task.stderr"}
{"timestamp":"2026-08-17T06:37:05.022043Z","level":"warning","event":"The previous implementation of stack is deprecated and will be removed in a future version of pandas. See the What's New notes for pandas 2.1.0 for details. Specify future_stack=True to adopt the new implementation and silence this warning.","category":"FutureWarning","filename":"/opt/airflow/scripts/stock_etl.py","lineno":43,"dag_id":"stock_etl_dag","map_index":-1,"task_id":"run_stock_etl","ti_id":"01a00e6b-401d-7ad3-a519-ac7592dfe959","try_number":13,"run_id":"manual__2026-08-17T06:00:55.803434+00:00","logger":"py.warnings"}
{"timestamp":"2026-08-17T06:37:05.048005Z","level":"info","event":"Sucessfully fetched 23704 records.","logger":"scripts.stock_etl","dag_id":"stock_etl_dag","map_index":-1,"task_id":"run_stock_etl","ti_id":"01a00e6b-401d-7ad3-a519-ac7592dfe959","try_number":13,"run_id":"manual__2026-08-17T06:00:55.803434+00:00","filename":"stock_etl.py","lineno":55}
{"timestamp":"2026-08-17T06:37:05.048770Z","level":"info","event":"Starting data transformation","logger":"scripts.stock_etl","dag_id":"stock_etl_dag","map_index":-1,"task_id":"run_stock_etl","ti_id":"01a00e6b-401d-7ad3-a519-ac7592dfe959","try_number":13,"run_id":"manual__2026-08-17T06:00:55.803434+00:00","filename":"stock_etl.py","lineno":64}
