{"timestamp":"2026-08-18T21:21:52.873381Z","level":"info","event":"::group::Pre Execute","logger":"task","filename":"task_runner.py","lineno":2303}
{"timestamp":"2026-08-18T21:21:52.905418Z","level":"info","event":"DAG bundles loaded: dags-folder","try_number":3,"task_id":"run_stock_etl","ti_id":"01a016c0-80ad-7c15-9f1c-4c6ec4ddadb2","run_id":"manual__2026-08-18T21:17:01.842628+00:00","dag_id":"stock_etl_dag","map_index":-1,"logger":"airflow.dag_processing.bundles.manager.DagBundlesManager","filename":"manager.py","lineno":271}
{"timestamp":"2026-08-18T21:21:52.911894Z","level":"info","event":"Filling up the DagBag from /opt/airflow/dags/stocks_etl_dag.py","try_number":3,"task_id":"run_stock_etl","ti_id":"01a016c0-80ad-7c15-9f1c-4c6ec4ddadb2","run_id":"manual__2026-08-18T21:17:01.842628+00:00","dag_id":"stock_etl_dag","map_index":-1,"logger":"airflow.dag_processing.dagbag.BundleDagBag","filename":"dagbag.py","lineno":460}
{"timestamp":"2026-08-18T21:21:53.427784Z","level":"info","event":"Pyspark imported, version: 3.5.2","logger":"unusual_prefix_377e48747e3957bb035dd88b74b86ec1d0ec8c25_stocks_etl_dag","try_number":3,"task_id":"run_stock_etl","ti_id":"01a016c0-80ad-7c15-9f1c-4c6ec4ddadb2","run_id":"manual__2026-08-18T21:17:01.842628+00:00","dag_id":"stock_etl_dag","map_index":-1,"filename":"stocks_etl_dag.py","lineno":24}
{"timestamp":"2026-08-18T21:21:55.100838Z","level":"info","event":"ETL function imported succesfully!","logger":"unusual_prefix_377e48747e3957bb035dd88b74b86ec1d0ec8c25_stocks_etl_dag","try_number":3,"task_id":"run_stock_etl","ti_id":"01a016c0-80ad-7c15-9f1c-4c6ec4ddadb2","run_id":"manual__2026-08-18T21:17:01.842628+00:00","dag_id":"stock_etl_dag","map_index":-1,"filename":"stocks_etl_dag.py","lineno":32}
{"timestamp":"2026-08-18T21:21:55.110899Z","level":"info","event":"DAG loaded sucessfully!","logger":"unusual_prefix_377e48747e3957bb035dd88b74b86ec1d0ec8c25_stocks_etl_dag","try_number":3,"task_id":"run_stock_etl","ti_id":"01a016c0-80ad-7c15-9f1c-4c6ec4ddadb2","run_id":"manual__2026-08-18T21:17:01.842628+00:00","dag_id":"stock_etl_dag","map_index":-1,"filename":"stocks_etl_dag.py","lineno":103}
{"timestamp":"2026-08-18T21:21:55.115159Z","level":"info","event":"Worker startup parse complete","bundle_name":"dags-folder","bundle_version":null,"dag_file":"stocks_etl_dag.py","dag_id":"stock_etl_dag","bundle_prepare_ms":14,"dag_file_parse_ms":2207,"try_number":3,"task_id":"run_stock_etl","ti_id":"01a016c0-80ad-7c15-9f1c-4c6ec4ddadb2","run_id":"manual__2026-08-18T21:17:01.842628+00:00","map_index":-1,"logger":"task","filename":"task_runner.py","lineno":1062}
{"timestamp":"2026-08-18T21:21:55.232178Z","level":"info","event":"::endgroup::","try_number":3,"task_id":"run_stock_etl","ti_id":"01a016c0-80ad-7c15-9f1c-4c6ec4ddadb2","run_id":"manual__2026-08-18T21:17:01.842628+00:00","dag_id":"stock_etl_dag","map_index":-1,"logger":"task","filename":"task_runner.py","lineno":2107}
{"timestamp":"2026-08-18T21:21:55.237051Z","level":"info","event":"Starting ETL process","logger":"scripts.stock_etl","try_number":3,"task_id":"run_stock_etl","ti_id":"01a016c0-80ad-7c15-9f1c-4c6ec4ddadb2","run_id":"manual__2026-08-18T21:17:01.842628+00:00","dag_id":"stock_etl_dag","map_index":-1,"filename":"stock_etl.py","lineno":164}
{"timestamp":"2026-08-18T21:21:58.900015Z","level":"info","event":":: loading settings :: url = jar:file:/home/airflow/.local/lib/python3.13/site-packages/pyspark/jars/ivy-2.5.1.jar!/org/apache/ivy/core/settings/ivysettings.xml","logger":"task.stdout"}
{"timestamp":"2026-08-18T21:21:58.999589Z","level":"error","event":"Ivy Default Cache set to: /home/airflow/.ivy2/cache","logger":"task.stderr"}
{"timestamp":"2026-08-18T21:21:59.001585Z","level":"error","event":"The jars for the packages stored in: /home/airflow/.ivy2/jars","logger":"task.stderr"}
{"timestamp":"2026-08-18T21:21:59.007399Z","level":"error","event":"org.postgresql#postgresql added as a dependency","logger":"task.stderr"}
{"timestamp":"2026-08-18T21:21:59.009134Z","level":"error","event":":: resolving dependencies :: org.apache.spark#spark-submit-parent-921249bc-b54c-4afa-9aa1-35d06a9eeba4;1.0","logger":"task.stderr"}
{"timestamp":"2026-08-18T21:21:59.010927Z","level":"error","event":"\tconfs: [default]","logger":"task.stderr"}
{"timestamp":"2026-08-18T21:21:59.181102Z","level":"error","event":"\tfound org.postgresql#postgresql;42.7.12 in central","logger":"task.stderr"}
{"timestamp":"2026-08-18T21:21:59.205573Z","level":"error","event":":: resolution report :: resolve 188ms :: artifacts dl 9ms","logger":"task.stderr"}
{"timestamp":"2026-08-18T21:21:59.208466Z","level":"error","event":"\t:: modules in use:","logger":"task.stderr"}
{"timestamp":"2026-08-18T21:21:59.210603Z","level":"error","event":"\torg.postgresql#postgresql;42.7.12 from central in [default]","logger":"task.stderr"}
{"timestamp":"2026-08-18T21:21:59.214109Z","level":"error","event":"\t---------------------------------------------------------------------","logger":"task.stderr"}
{"timestamp":"2026-08-18T21:21:59.216952Z","level":"error","event":"\t|                  |            modules            ||   artifacts   |","logger":"task.stderr"}
{"timestamp":"2026-08-18T21:21:59.219201Z","level":"error","event":"\t|       conf       | number| search|dwnlded|evicted|| number|dwnlded|","logger":"task.stderr"}
{"timestamp":"2026-08-18T21:21:59.220427Z","level":"error","event":"\t---------------------------------------------------------------------","logger":"task.stderr"}
{"timestamp":"2026-08-18T21:21:59.226728Z","level":"error","event":"\t|      default     |   1   |   0   |   0   |   0   ||   1   |   0   |","logger":"task.stderr"}
{"timestamp":"2026-08-18T21:21:59.227944Z","level":"error","event":"\t---------------------------------------------------------------------","logger":"task.stderr"}
{"timestamp":"2026-08-18T21:21:59.229483Z","level":"error","event":":: retrieving :: org.apache.spark#spark-submit-parent-921249bc-b54c-4afa-9aa1-35d06a9eeba4","logger":"task.stderr"}
{"timestamp":"2026-08-18T21:21:59.230838Z","level":"error","event":"\tconfs: [default]","logger":"task.stderr"}
{"timestamp":"2026-08-18T21:21:59.232320Z","level":"error","event":"\t0 artifacts copied, 1 already retrieved (0kB/10ms)","logger":"task.stderr"}
{"timestamp":"2026-08-18T21:21:59.630774Z","level":"error","event":"26/08/18 21:21:59 WARN NativeCodeLoader: Unable to load native-hadoop library for your platform... using builtin-java classes where applicable","logger":"task.stderr"}
{"timestamp":"2026-08-18T21:21:59.923408Z","level":"error","event":"Setting default log level to \"WARN\".","logger":"task.stderr"}
{"timestamp":"2026-08-18T21:21:59.925048Z","level":"error","event":"To adjust logging level use sc.setLogLevel(newLevel). For SparkR, use setLogLevel(newLevel).","logger":"task.stderr"}
{"timestamp":"2026-08-18T21:22:02.239812Z","level":"info","event":"Fetching data for ['AMZN', 'AAPL', 'GOOGL', 'META', 'NFLX'] for the last 20y","logger":"scripts.stock_etl","try_number":3,"task_id":"run_stock_etl","ti_id":"01a016c0-80ad-7c15-9f1c-4c6ec4ddadb2","run_id":"manual__2026-08-18T21:17:01.842628+00:00","dag_id":"stock_etl_dag","map_index":-1,"filename":"stock_etl.py","lineno":41}
{"timestamp":"2026-08-18T21:22:05.830238Z","level":"error","event":"\r[                       0%                       ]\r[*******************   40%                       ]  2 of 5 completed\r[**********************60%****                   ]  3 of 5 completed\r[**********************80%*************          ]  4 of 5 completed\r[*********************100%***********************]  5 of 5 completed","logger":"task.stderr"}
{"timestamp":"2026-08-18T21:22:05.852572Z","level":"warning","event":"The previous implementation of stack is deprecated and will be removed in a future version of pandas. See the What's New notes for pandas 2.1.0 for details. Specify future_stack=True to adopt the new implementation and silence this warning.","category":"FutureWarning","filename":"/opt/airflow/scripts/stock_etl.py","lineno":50,"try_number":3,"task_id":"run_stock_etl","ti_id":"01a016c0-80ad-7c15-9f1c-4c6ec4ddadb2","run_id":"manual__2026-08-18T21:17:01.842628+00:00","dag_id":"stock_etl_dag","map_index":-1,"logger":"py.warnings"}
{"timestamp":"2026-08-18T21:22:05.893535Z","level":"info","event":"Sucessfully fetched 23698 records.","logger":"scripts.stock_etl","try_number":3,"task_id":"run_stock_etl","ti_id":"01a016c0-80ad-7c15-9f1c-4c6ec4ddadb2","run_id":"manual__2026-08-18T21:17:01.842628+00:00","dag_id":"stock_etl_dag","map_index":-1,"filename":"stock_etl.py","lineno":62}
{"timestamp":"2026-08-18T21:22:05.894018Z","level":"info","event":"Starting data transformation","logger":"scripts.stock_etl","try_number":3,"task_id":"run_stock_etl","ti_id":"01a016c0-80ad-7c15-9f1c-4c6ec4ddadb2","run_id":"manual__2026-08-18T21:17:01.842628+00:00","dag_id":"stock_etl_dag","map_index":-1,"filename":"stock_etl.py","lineno":71}
{"timestamp":"2026-08-18T21:22:11.707712Z","level":"info","event":"Data transformation completed successfully","logger":"scripts.stock_etl","try_number":3,"task_id":"run_stock_etl","ti_id":"01a016c0-80ad-7c15-9f1c-4c6ec4ddadb2","run_id":"manual__2026-08-18T21:17:01.842628+00:00","dag_id":"stock_etl_dag","map_index":-1,"filename":"stock_etl.py","lineno":134}
{"timestamp":"2026-08-18T21:22:11.708018Z","level":"info","event":"Loadin data to PostGreSQL table stock_etl","logger":"scripts.stock_etl","try_number":3,"task_id":"run_stock_etl","ti_id":"01a016c0-80ad-7c15-9f1c-4c6ec4ddadb2","run_id":"manual__2026-08-18T21:17:01.842628+00:00","dag_id":"stock_etl_dag","map_index":-1,"filename":"stock_etl.py","lineno":140}
{"timestamp":"2026-08-18T21:22:14.590526Z","level":"error","event":"26/08/18 21:22:14 WARN WindowExec: No Partition Defined for Window operation! Moving all data to a single partition, this can cause serious performance degradation.","logger":"task.stderr"}
{"timestamp":"2026-08-18T21:22:14.756784Z","level":"error","event":"26/08/18 21:22:14 WARN WindowExec: No Partition Defined for Window operation! Moving all data to a single partition, this can cause serious performance degradation.","logger":"task.stderr"}
{"timestamp":"2026-08-18T21:22:14.773239Z","level":"error","event":"26/08/18 21:22:14 WARN SparkStringUtils: Truncated the string representation of a plan since it was too large. This behavior can be adjusted by setting 'spark.sql.debug.maxToStringFields'.","logger":"task.stderr"}
{"timestamp":"2026-08-18T21:22:21.726586Z","level":"error","event":"\r[Stage 0:>                                                          (0 + 0) / 4]\r\r[Stage 0:>                                                          (0 + 4) / 4]\r\r[Stage 0:===========================================================(4 + 0) / 4]\r26/08/18 21:22:21 WARN WindowExec: No Partition Defined for Window operation! Moving all data to a single partition, this can cause serious performance degradation.","logger":"task.stderr"}
{"timestamp":"2026-08-18T21:22:21.728106Z","level":"error","event":"26/08/18 21:22:21 WARN WindowExec: No Partition Defined for Window operation! Moving all data to a single partition, this can cause serious performance degradation.","logger":"task.stderr"}
{"timestamp":"2026-08-18T21:22:35.491776Z","level":"info","event":"Succesfully loaded 23698 records to table stock_etl","logger":"scripts.stock_etl","try_number":3,"task_id":"run_stock_etl","ti_id":"01a016c0-80ad-7c15-9f1c-4c6ec4ddadb2","run_id":"manual__2026-08-18T21:17:01.842628+00:00","dag_id":"stock_etl_dag","map_index":-1,"filename":"stock_etl.py","lineno":155}
{"timestamp":"2026-08-18T21:22:36.157108Z","level":"info","event":"ETF completed succesfully. Loaded 23698 records for ['AMZN', 'AAPL', 'GOOGL', 'META', 'NFLX']","logger":"scripts.stock_etl","try_number":3,"task_id":"run_stock_etl","ti_id":"01a016c0-80ad-7c15-9f1c-4c6ec4ddadb2","run_id":"manual__2026-08-18T21:17:01.842628+00:00","dag_id":"stock_etl_dag","map_index":-1,"filename":"stock_etl.py","lineno":176}
{"timestamp":"2026-08-18T21:22:38.780645Z","level":"info","event":"Spark session stopped","logger":"scripts.stock_etl","try_number":3,"task_id":"run_stock_etl","ti_id":"01a016c0-80ad-7c15-9f1c-4c6ec4ddadb2","run_id":"manual__2026-08-18T21:17:01.842628+00:00","dag_id":"stock_etl_dag","map_index":-1,"filename":"stock_etl.py","lineno":191}
{"timestamp":"2026-08-18T21:22:38.781466Z","level":"info","event":"Done. Returned value was: {'ticker': ['AMZN', 'AAPL', 'GOOGL', 'META', 'NFLX'], 'records_loaded': 23698, 'start_date': datetime.datetime(2006, 8, 21, 0, 0), 'end_date': datetime.datetime(2026, 8, 18, 0, 0)}","try_number":3,"task_id":"run_stock_etl","ti_id":"01a016c0-80ad-7c15-9f1c-4c6ec4ddadb2","run_id":"manual__2026-08-18T21:17:01.842628+00:00","dag_id":"stock_etl_dag","map_index":-1,"logger":"airflow.task.operators.airflow.providers.standard.operators.python.PythonOperator","filename":"python.py","lineno":233}
{"timestamp":"2026-08-18T21:22:38.781819Z","level":"info","event":"::group::Post Execute","try_number":3,"task_id":"run_stock_etl","ti_id":"01a016c0-80ad-7c15-9f1c-4c6ec4ddadb2","run_id":"manual__2026-08-18T21:17:01.842628+00:00","dag_id":"stock_etl_dag","map_index":-1,"logger":"task","filename":"task_runner.py","lineno":1577}
{"timestamp":"2026-08-18T21:22:38.782516Z","level":"info","event":"Pushing xcom","ti":"RuntimeTaskInstance(id=UUID('01a016c0-80ad-7c15-9f1c-4c6ec4ddadb2'), task_id='run_stock_etl', dag_id='stock_etl_dag', run_id='manual__2026-08-18T21:17:01.842628+00:00', try_number=3, dag_version_id=UUID('01a01125-e8ca-74a8-826c-70f284a44eb8'), map_index=-1, hostname='7bb028a7170b', context_carrier={'traceparent': '00-280ddcda77ab359d37371b5ac4ef0975-464deb16b7583718-00'}, queue='default', task=<Task(PythonOperator): run_stock_etl>, bundle_instance=LocalDagBundle(name=dags-folder), max_tries=4, start_date=datetime.datetime(2026, 8, 18, 21, 21, 52, 777954, tzinfo=datetime.timezone.utc), end_date=None, state=<TaskInstanceState.RUNNING: 'running'>, is_mapped=False, rendered_map_index=None, sentry_integration='')","try_number":3,"task_id":"run_stock_etl","ti_id":"01a016c0-80ad-7c15-9f1c-4c6ec4ddadb2","run_id":"manual__2026-08-18T21:17:01.842628+00:00","dag_id":"stock_etl_dag","map_index":-1,"logger":"task","filename":"task_runner.py","lineno":2171}
{"timestamp":"2026-08-18T21:22:39.228072Z","level":"info","event":"::endgroup::","try_number":3,"task_id":"run_stock_etl","ti_id":"01a016c0-80ad-7c15-9f1c-4c6ec4ddadb2","run_id":"manual__2026-08-18T21:17:01.842628+00:00","dag_id":"stock_etl_dag","map_index":-1,"logger":"task","filename":"task_runner.py","lineno":2270}
{"timestamp":"2026-08-18T21:22:39.727495Z","level":"error","event":"\r[Stage 2:>                                                          (0 + 1) / 1]","logger":"task.stderr"}
