{"timestamp":"2026-08-21T08:55:28.667266Z","level":"info","event":"::group::Pre Execute","logger":"task","filename":"task_runner.py","lineno":2303}
{"timestamp":"2026-08-21T08:55:28.830213Z","level":"info","event":"DAG bundles loaded: dags-folder","run_id":"manual__2026-08-21T08:53:37.972965+00:00","dag_id":"stock_etl_dag","task_id":"run_stock_etl","try_number":2,"ti_id":"01a02388-3810-7e45-b016-9517775f7249","map_index":-1,"logger":"airflow.dag_processing.bundles.manager.DagBundlesManager","filename":"manager.py","lineno":271}
{"timestamp":"2026-08-21T08:55:28.871003Z","level":"info","event":"Filling up the DagBag from /opt/airflow/dags/stocks_etl_dag.py","run_id":"manual__2026-08-21T08:53:37.972965+00:00","dag_id":"stock_etl_dag","task_id":"run_stock_etl","try_number":2,"ti_id":"01a02388-3810-7e45-b016-9517775f7249","map_index":-1,"logger":"airflow.dag_processing.dagbag.BundleDagBag","filename":"dagbag.py","lineno":460}
{"timestamp":"2026-08-21T08:55:31.123370Z","level":"info","event":"Pyspark imported, version: 3.5.2","logger":"unusual_prefix_377e48747e3957bb035dd88b74b86ec1d0ec8c25_stocks_etl_dag","run_id":"manual__2026-08-21T08:53:37.972965+00:00","dag_id":"stock_etl_dag","task_id":"run_stock_etl","try_number":2,"ti_id":"01a02388-3810-7e45-b016-9517775f7249","map_index":-1,"filename":"stocks_etl_dag.py","lineno":24}
{"timestamp":"2026-08-21T08:55:36.174551Z","level":"info","event":"ETL function imported succesfully!","logger":"unusual_prefix_377e48747e3957bb035dd88b74b86ec1d0ec8c25_stocks_etl_dag","run_id":"manual__2026-08-21T08:53:37.972965+00:00","dag_id":"stock_etl_dag","task_id":"run_stock_etl","try_number":2,"ti_id":"01a02388-3810-7e45-b016-9517775f7249","map_index":-1,"filename":"stocks_etl_dag.py","lineno":32}
{"timestamp":"2026-08-21T08:55:36.188934Z","level":"info","event":"DAG loaded sucessfully!","logger":"unusual_prefix_377e48747e3957bb035dd88b74b86ec1d0ec8c25_stocks_etl_dag","run_id":"manual__2026-08-21T08:53:37.972965+00:00","dag_id":"stock_etl_dag","task_id":"run_stock_etl","try_number":2,"ti_id":"01a02388-3810-7e45-b016-9517775f7249","map_index":-1,"filename":"stocks_etl_dag.py","lineno":103}
{"timestamp":"2026-08-21T08:55:36.208386Z","level":"info","event":"Worker startup parse complete","bundle_name":"dags-folder","bundle_version":null,"dag_file":"stocks_etl_dag.py","dag_id":"stock_etl_dag","bundle_prepare_ms":45,"dag_file_parse_ms":7352,"run_id":"manual__2026-08-21T08:53:37.972965+00:00","task_id":"run_stock_etl","try_number":2,"ti_id":"01a02388-3810-7e45-b016-9517775f7249","map_index":-1,"logger":"task","filename":"task_runner.py","lineno":1062}
{"timestamp":"2026-08-21T08:55:36.346704Z","level":"info","event":"::endgroup::","run_id":"manual__2026-08-21T08:53:37.972965+00:00","dag_id":"stock_etl_dag","task_id":"run_stock_etl","try_number":2,"ti_id":"01a02388-3810-7e45-b016-9517775f7249","map_index":-1,"logger":"task","filename":"task_runner.py","lineno":2107}
{"timestamp":"2026-08-21T08:55:36.352751Z","level":"info","event":"Starting ETL process","logger":"scripts.stock_etl","run_id":"manual__2026-08-21T08:53:37.972965+00:00","dag_id":"stock_etl_dag","task_id":"run_stock_etl","try_number":2,"ti_id":"01a02388-3810-7e45-b016-9517775f7249","map_index":-1,"filename":"stock_etl.py","lineno":164}
{"timestamp":"2026-08-21T08:55:41.022746Z","level":"info","event":":: loading settings :: url = jar:file:/home/airflow/.local/lib/python3.13/site-packages/pyspark/jars/ivy-2.5.1.jar!/org/apache/ivy/core/settings/ivysettings.xml","logger":"task.stdout"}
{"timestamp":"2026-08-21T08:55:41.145474Z","level":"error","event":"Ivy Default Cache set to: /home/airflow/.ivy2/cache","logger":"task.stderr"}
{"timestamp":"2026-08-21T08:55:41.222143Z","level":"error","event":"The jars for the packages stored in: /home/airflow/.ivy2/jars","logger":"task.stderr"}
{"timestamp":"2026-08-21T08:55:41.223510Z","level":"error","event":"org.postgresql#postgresql added as a dependency","logger":"task.stderr"}
{"timestamp":"2026-08-21T08:55:41.224909Z","level":"error","event":":: resolving dependencies :: org.apache.spark#spark-submit-parent-3f0c8ff5-e9ff-44c3-b391-8939c9b4fd9d;1.0","logger":"task.stderr"}
{"timestamp":"2026-08-21T08:55:41.226799Z","level":"error","event":"\tconfs: [default]","logger":"task.stderr"}
{"timestamp":"2026-08-21T08:55:41.359508Z","level":"error","event":"\tfound org.postgresql#postgresql;42.7.12 in central","logger":"task.stderr"}
{"timestamp":"2026-08-21T08:55:41.380402Z","level":"error","event":":: resolution report :: resolve 218ms :: artifacts dl 6ms","logger":"task.stderr"}
{"timestamp":"2026-08-21T08:55:41.383036Z","level":"error","event":"\t:: modules in use:","logger":"task.stderr"}
{"timestamp":"2026-08-21T08:55:41.384523Z","level":"error","event":"\torg.postgresql#postgresql;42.7.12 from central in [default]","logger":"task.stderr"}
{"timestamp":"2026-08-21T08:55:41.385947Z","level":"error","event":"\t---------------------------------------------------------------------","logger":"task.stderr"}
{"timestamp":"2026-08-21T08:55:41.387227Z","level":"error","event":"\t|                  |            modules            ||   artifacts   |","logger":"task.stderr"}
{"timestamp":"2026-08-21T08:55:41.388428Z","level":"error","event":"\t|       conf       | number| search|dwnlded|evicted|| number|dwnlded|","logger":"task.stderr"}
{"timestamp":"2026-08-21T08:55:41.390386Z","level":"error","event":"\t---------------------------------------------------------------------","logger":"task.stderr"}
{"timestamp":"2026-08-21T08:55:41.392226Z","level":"error","event":"\t|      default     |   1   |   0   |   0   |   0   ||   1   |   0   |","logger":"task.stderr"}
{"timestamp":"2026-08-21T08:55:41.393821Z","level":"error","event":"\t---------------------------------------------------------------------","logger":"task.stderr"}
{"timestamp":"2026-08-21T08:55:41.395591Z","level":"error","event":":: retrieving :: org.apache.spark#spark-submit-parent-3f0c8ff5-e9ff-44c3-b391-8939c9b4fd9d","logger":"task.stderr"}
{"timestamp":"2026-08-21T08:55:41.397227Z","level":"error","event":"\tconfs: [default]","logger":"task.stderr"}
{"timestamp":"2026-08-21T08:55:41.404226Z","level":"error","event":"\t0 artifacts copied, 1 already retrieved (0kB/10ms)","logger":"task.stderr"}
{"timestamp":"2026-08-21T08:55:41.763075Z","level":"error","event":"26/08/21 08:55:41 WARN NativeCodeLoader: Unable to load native-hadoop library for your platform... using builtin-java classes where applicable","logger":"task.stderr"}
{"timestamp":"2026-08-21T08:55:42.083962Z","level":"error","event":"Setting default log level to \"WARN\".","logger":"task.stderr"}
{"timestamp":"2026-08-21T08:55:42.089957Z","level":"error","event":"To adjust logging level use sc.setLogLevel(newLevel). For SparkR, use setLogLevel(newLevel).","logger":"task.stderr"}
{"timestamp":"2026-08-21T08:55:44.693536Z","level":"info","event":"Fetching data for ['AMZN', 'AAPL', 'GOOGL', 'META', 'NFLX'] for the last 20y","logger":"scripts.stock_etl","run_id":"manual__2026-08-21T08:53:37.972965+00:00","dag_id":"stock_etl_dag","task_id":"run_stock_etl","try_number":2,"ti_id":"01a02388-3810-7e45-b016-9517775f7249","map_index":-1,"filename":"stock_etl.py","lineno":41}
{"timestamp":"2026-08-21T08:55:47.375922Z","level":"error","event":"\r[                       0%                       ]\r[*******************   40%                       ]  2 of 5 completed\r[**********************60%****                   ]  3 of 5 completed\r[**********************80%*************          ]  4 of 5 completed\r[*********************100%***********************]  5 of 5 completed","logger":"task.stderr"}
{"timestamp":"2026-08-21T08:55:47.387873Z","level":"warning","event":"The previous implementation of stack is deprecated and will be removed in a future version of pandas. See the What's New notes for pandas 2.1.0 for details. Specify future_stack=True to adopt the new implementation and silence this warning.","category":"FutureWarning","filename":"/opt/airflow/scripts/stock_etl.py","lineno":50,"run_id":"manual__2026-08-21T08:53:37.972965+00:00","dag_id":"stock_etl_dag","task_id":"run_stock_etl","try_number":2,"ti_id":"01a02388-3810-7e45-b016-9517775f7249","map_index":-1,"logger":"py.warnings"}
{"timestamp":"2026-08-21T08:55:47.408289Z","level":"info","event":"Sucessfully fetched 23708 records.","logger":"scripts.stock_etl","run_id":"manual__2026-08-21T08:53:37.972965+00:00","dag_id":"stock_etl_dag","task_id":"run_stock_etl","try_number":2,"ti_id":"01a02388-3810-7e45-b016-9517775f7249","map_index":-1,"filename":"stock_etl.py","lineno":62}
{"timestamp":"2026-08-21T08:55:47.408583Z","level":"info","event":"Starting data transformation","logger":"scripts.stock_etl","run_id":"manual__2026-08-21T08:53:37.972965+00:00","dag_id":"stock_etl_dag","task_id":"run_stock_etl","try_number":2,"ti_id":"01a02388-3810-7e45-b016-9517775f7249","map_index":-1,"filename":"stock_etl.py","lineno":71}
{"timestamp":"2026-08-21T08:55:54.236112Z","level":"info","event":"Data transformation completed successfully","logger":"scripts.stock_etl","run_id":"manual__2026-08-21T08:53:37.972965+00:00","dag_id":"stock_etl_dag","task_id":"run_stock_etl","try_number":2,"ti_id":"01a02388-3810-7e45-b016-9517775f7249","map_index":-1,"filename":"stock_etl.py","lineno":134}
{"timestamp":"2026-08-21T08:55:54.236373Z","level":"info","event":"Loadin data to PostGreSQL table stock_etl","logger":"scripts.stock_etl","run_id":"manual__2026-08-21T08:53:37.972965+00:00","dag_id":"stock_etl_dag","task_id":"run_stock_etl","try_number":2,"ti_id":"01a02388-3810-7e45-b016-9517775f7249","map_index":-1,"filename":"stock_etl.py","lineno":140}
{"timestamp":"2026-08-21T08:55:57.788635Z","level":"error","event":"26/08/21 08:55:57 WARN WindowExec: No Partition Defined for Window operation! Moving all data to a single partition, this can cause serious performance degradation.","logger":"task.stderr"}
{"timestamp":"2026-08-21T08:55:57.994622Z","level":"error","event":"26/08/21 08:55:57 WARN WindowExec: No Partition Defined for Window operation! Moving all data to a single partition, this can cause serious performance degradation.","logger":"task.stderr"}
{"timestamp":"2026-08-21T08:55:58.034356Z","level":"error","event":"26/08/21 08:55:58 WARN SparkStringUtils: Truncated the string representation of a plan since it was too large. This behavior can be adjusted by setting 'spark.sql.debug.maxToStringFields'.","logger":"task.stderr"}
{"timestamp":"2026-08-21T08:56:06.204686Z","level":"error","event":"\r[Stage 0:>                                                          (0 + 0) / 4]\r\r[Stage 0:>                                                          (0 + 4) / 4]\r26/08/21 08:56:06 WARN WindowExec: No Partition Defined for Window operation! Moving all data to a single partition, this can cause serious performance degradation.","logger":"task.stderr"}
{"timestamp":"2026-08-21T08:56:06.256196Z","level":"error","event":"26/08/21 08:56:06 WARN WindowExec: No Partition Defined for Window operation! Moving all data to a single partition, this can cause serious performance degradation.","logger":"task.stderr"}
{"timestamp":"2026-08-21T08:56:28.199567Z","level":"info","event":"Succesfully loaded 23708 records to table stock_etl","logger":"scripts.stock_etl","run_id":"manual__2026-08-21T08:53:37.972965+00:00","dag_id":"stock_etl_dag","task_id":"run_stock_etl","try_number":2,"ti_id":"01a02388-3810-7e45-b016-9517775f7249","map_index":-1,"filename":"stock_etl.py","lineno":155}
{"timestamp":"2026-08-21T08:56:29.006666Z","level":"info","event":"ETF completed succesfully. Loaded 23708 records for ['AMZN', 'AAPL', 'GOOGL', 'META', 'NFLX']","logger":"scripts.stock_etl","run_id":"manual__2026-08-21T08:53:37.972965+00:00","dag_id":"stock_etl_dag","task_id":"run_stock_etl","try_number":2,"ti_id":"01a02388-3810-7e45-b016-9517775f7249","map_index":-1,"filename":"stock_etl.py","lineno":176}
{"timestamp":"2026-08-21T08:56:33.041698Z","level":"info","event":"Spark session stopped","logger":"scripts.stock_etl","run_id":"manual__2026-08-21T08:53:37.972965+00:00","dag_id":"stock_etl_dag","task_id":"run_stock_etl","try_number":2,"ti_id":"01a02388-3810-7e45-b016-9517775f7249","map_index":-1,"filename":"stock_etl.py","lineno":191}
{"timestamp":"2026-08-21T08:56:33.042523Z","level":"info","event":"Done. Returned value was: {'ticker': ['AMZN', 'AAPL', 'GOOGL', 'META', 'NFLX'], 'records_loaded': 23708, 'start_date': datetime.datetime(2006, 8, 21, 0, 0), 'end_date': datetime.datetime(2026, 8, 20, 0, 0)}","run_id":"manual__2026-08-21T08:53:37.972965+00:00","dag_id":"stock_etl_dag","task_id":"run_stock_etl","try_number":2,"ti_id":"01a02388-3810-7e45-b016-9517775f7249","map_index":-1,"logger":"airflow.task.operators.airflow.providers.standard.operators.python.PythonOperator","filename":"python.py","lineno":233}
{"timestamp":"2026-08-21T08:56:33.042772Z","level":"info","event":"::group::Post Execute","run_id":"manual__2026-08-21T08:53:37.972965+00:00","dag_id":"stock_etl_dag","task_id":"run_stock_etl","try_number":2,"ti_id":"01a02388-3810-7e45-b016-9517775f7249","map_index":-1,"logger":"task","filename":"task_runner.py","lineno":1577}
{"timestamp":"2026-08-21T08:56:33.045731Z","level":"info","event":"Pushing xcom","ti":"RuntimeTaskInstance(id=UUID('01a02388-3810-7e45-b016-9517775f7249'), task_id='run_stock_etl', dag_id='stock_etl_dag', run_id='manual__2026-08-21T08:53:37.972965+00:00', try_number=2, dag_version_id=UUID('01a01125-e8ca-74a8-826c-70f284a44eb8'), map_index=-1, hostname='7bb028a7170b', context_carrier={'traceparent': '00-0b983bdb54a140ee1b60aba128cc93f3-5a4f932f02c88288-00'}, queue='default', task=<Task(PythonOperator): run_stock_etl>, bundle_instance=LocalDagBundle(name=dags-folder), max_tries=3, start_date=datetime.datetime(2026, 8, 21, 8, 55, 28, 691499, tzinfo=datetime.timezone.utc), end_date=None, state=<TaskInstanceState.RUNNING: 'running'>, is_mapped=False, rendered_map_index=None, sentry_integration='')","run_id":"manual__2026-08-21T08:53:37.972965+00:00","dag_id":"stock_etl_dag","task_id":"run_stock_etl","try_number":2,"ti_id":"01a02388-3810-7e45-b016-9517775f7249","map_index":-1,"logger":"task","filename":"task_runner.py","lineno":2171}
{"timestamp":"2026-08-21T08:56:33.368615Z","level":"info","event":"::endgroup::","run_id":"manual__2026-08-21T08:53:37.972965+00:00","dag_id":"stock_etl_dag","task_id":"run_stock_etl","try_number":2,"ti_id":"01a02388-3810-7e45-b016-9517775f7249","map_index":-1,"logger":"task","filename":"task_runner.py","lineno":2270}
{"timestamp":"2026-08-21T08:56:34.197388Z","level":"error","event":"\r[Stage 2:>                                                          (0 + 1) / 1]","logger":"task.stderr"}
