{"timestamp":"2026-08-17T15:52:51.018521Z","level":"info","event":"::group::Pre Execute","logger":"task","filename":"task_runner.py","lineno":2303}
{"timestamp":"2026-08-17T15:52:51.119296Z","level":"info","event":"DAG bundles loaded: dags-folder","map_index":-1,"run_id":"manual__2026-08-17T15:36:34.436717+00:00","try_number":2,"dag_id":"stock_etl_dag","ti_id":"01a0106c-d63b-7e65-b384-2d30f1794d67","task_id":"run_stock_etl","logger":"airflow.dag_processing.bundles.manager.DagBundlesManager","filename":"manager.py","lineno":271}
{"timestamp":"2026-08-17T15:52:51.122495Z","level":"info","event":"Filling up the DagBag from /opt/airflow/dags/stocks_etl_dag.py","map_index":-1,"run_id":"manual__2026-08-17T15:36:34.436717+00:00","try_number":2,"dag_id":"stock_etl_dag","ti_id":"01a0106c-d63b-7e65-b384-2d30f1794d67","task_id":"run_stock_etl","logger":"airflow.dag_processing.dagbag.BundleDagBag","filename":"dagbag.py","lineno":460}
{"timestamp":"2026-08-17T15:53:01.013397Z","level":"info","event":"Pyspark imported, version: 3.5.2","logger":"unusual_prefix_377e48747e3957bb035dd88b74b86ec1d0ec8c25_stocks_etl_dag","map_index":-1,"run_id":"manual__2026-08-17T15:36:34.436717+00:00","try_number":2,"dag_id":"stock_etl_dag","ti_id":"01a0106c-d63b-7e65-b384-2d30f1794d67","task_id":"run_stock_etl","filename":"stocks_etl_dag.py","lineno":24}
{"timestamp":"2026-08-17T15:53:01.045646Z","level":"info","event":"ETL function imported succesfully!","logger":"unusual_prefix_377e48747e3957bb035dd88b74b86ec1d0ec8c25_stocks_etl_dag","map_index":-1,"run_id":"manual__2026-08-17T15:36:34.436717+00:00","try_number":2,"dag_id":"stock_etl_dag","ti_id":"01a0106c-d63b-7e65-b384-2d30f1794d67","task_id":"run_stock_etl","filename":"stocks_etl_dag.py","lineno":31}
{"timestamp":"2026-08-17T15:53:01.206169Z","level":"info","event":"DAG loaded sucessfully!","logger":"unusual_prefix_377e48747e3957bb035dd88b74b86ec1d0ec8c25_stocks_etl_dag","map_index":-1,"run_id":"manual__2026-08-17T15:36:34.436717+00:00","try_number":2,"dag_id":"stock_etl_dag","ti_id":"01a0106c-d63b-7e65-b384-2d30f1794d67","task_id":"run_stock_etl","filename":"stocks_etl_dag.py","lineno":96}
{"timestamp":"2026-08-17T15:53:01.279706Z","level":"info","event":"Worker startup parse complete","bundle_name":"dags-folder","bundle_version":null,"dag_file":"stocks_etl_dag.py","dag_id":"stock_etl_dag","bundle_prepare_ms":4,"dag_file_parse_ms":10157,"map_index":-1,"run_id":"manual__2026-08-17T15:36:34.436717+00:00","try_number":2,"ti_id":"01a0106c-d63b-7e65-b384-2d30f1794d67","task_id":"run_stock_etl","logger":"task","filename":"task_runner.py","lineno":1062}
{"timestamp":"2026-08-17T15:53:01.819502Z","level":"info","event":"::endgroup::","map_index":-1,"run_id":"manual__2026-08-17T15:36:34.436717+00:00","try_number":2,"dag_id":"stock_etl_dag","ti_id":"01a0106c-d63b-7e65-b384-2d30f1794d67","task_id":"run_stock_etl","logger":"task","filename":"task_runner.py","lineno":2107}
{"timestamp":"2026-08-17T15:53:01.969893Z","level":"info","event":"Starting ETL process","logger":"scripts.stock_etl","map_index":-1,"run_id":"manual__2026-08-17T15:36:34.436717+00:00","try_number":2,"dag_id":"stock_etl_dag","ti_id":"01a0106c-d63b-7e65-b384-2d30f1794d67","task_id":"run_stock_etl","filename":"stock_etl.py","lineno":146}
{"timestamp":"2026-08-17T15:53:33.188988Z","level":"error","event":"Server indicated the task shouldn't be running anymore. Terminating process","detail":{"reason":"not_running","message":"TI is no longer in the running state and task should terminate","current_state":"failed"},"logger":"task"}
{"timestamp":"2026-08-17T15:53:38.215723Z","level":"error","event":"Task killed!","logger":"task"}
{"timestamp":"2026-08-17T15:53:58.773715Z","level":"info","event":":: loading settings :: url = jar:file:/home/airflow/.local/lib/python3.13/site-packages/pyspark/jars/ivy-2.5.1.jar!/org/apache/ivy/core/settings/ivysettings.xml","logger":"task.stdout"}
{"timestamp":"2026-08-17T15:54:02.994173Z","level":"error","event":"Ivy Default Cache set to: /home/airflow/.ivy2/cache","logger":"task.stderr"}
{"timestamp":"2026-08-17T15:54:03.001650Z","level":"error","event":"The jars for the packages stored in: /home/airflow/.ivy2/jars","logger":"task.stderr"}
{"timestamp":"2026-08-17T15:54:03.133154Z","level":"error","event":"org.postgresql#postgresql added as a dependency","logger":"task.stderr"}
{"timestamp":"2026-08-17T15:54:03.136260Z","level":"error","event":":: resolving dependencies :: org.apache.spark#spark-submit-parent-894c6438-857e-4039-9d73-127e4ec79352;1.0","logger":"task.stderr"}
{"timestamp":"2026-08-17T15:54:03.137733Z","level":"error","event":"\tconfs: [default]","logger":"task.stderr"}
{"timestamp":"2026-08-17T15:54:05.844358Z","level":"error","event":"\tfound org.postgresql#postgresql;42.7.12 in central","logger":"task.stderr"}
{"timestamp":"2026-08-17T15:54:06.093873Z","level":"error","event":":: resolution report :: resolve 2846ms :: artifacts dl 109ms","logger":"task.stderr"}
{"timestamp":"2026-08-17T15:54:06.188212Z","level":"error","event":"\t:: modules in use:","logger":"task.stderr"}
{"timestamp":"2026-08-17T15:54:06.190673Z","level":"error","event":"\torg.postgresql#postgresql;42.7.12 from central in [default]","logger":"task.stderr"}
{"timestamp":"2026-08-17T15:54:06.192486Z","level":"error","event":"\t---------------------------------------------------------------------","logger":"task.stderr"}
{"timestamp":"2026-08-17T15:54:06.194194Z","level":"error","event":"\t|                  |            modules            ||   artifacts   |","logger":"task.stderr"}
{"timestamp":"2026-08-17T15:54:06.195734Z","level":"error","event":"\t|       conf       | number| search|dwnlded|evicted|| number|dwnlded|","logger":"task.stderr"}
{"timestamp":"2026-08-17T15:54:06.197868Z","level":"error","event":"\t---------------------------------------------------------------------","logger":"task.stderr"}
{"timestamp":"2026-08-17T15:54:06.201013Z","level":"error","event":"\t|      default     |   1   |   0   |   0   |   0   ||   1   |   0   |","logger":"task.stderr"}
{"timestamp":"2026-08-17T15:54:06.205979Z","level":"error","event":"\t---------------------------------------------------------------------","logger":"task.stderr"}
{"timestamp":"2026-08-17T15:54:06.208725Z","level":"error","event":":: retrieving :: org.apache.spark#spark-submit-parent-894c6438-857e-4039-9d73-127e4ec79352","logger":"task.stderr"}
{"timestamp":"2026-08-17T15:54:06.211380Z","level":"error","event":"\tconfs: [default]","logger":"task.stderr"}
{"timestamp":"2026-08-17T15:54:06.213985Z","level":"error","event":"\t0 artifacts copied, 1 already retrieved (0kB/35ms)","logger":"task.stderr"}
{"timestamp":"2026-08-17T15:54:12.338653Z","level":"error","event":"26/08/17 15:54:12 WARN NativeCodeLoader: Unable to load native-hadoop library for your platform... using builtin-java classes where applicable","logger":"task.stderr"}
{"timestamp":"2026-08-17T15:54:15.286073Z","level":"error","event":"Setting default log level to \"WARN\".","logger":"task.stderr"}
{"timestamp":"2026-08-17T15:54:15.289817Z","level":"error","event":"To adjust logging level use sc.setLogLevel(newLevel). For SparkR, use setLogLevel(newLevel).","logger":"task.stderr"}
